Archive member included because of file (symbol)

c:/freescale/kds_3.0.0/toolchain/bin/../lib/gcc/arm-none-eabi/4.8.4/armv6-m\libgcc.a(_udivsi3.o)
                              ./Generated_Code/BLDC.o (__aeabi_uidiv)
c:/freescale/kds_3.0.0/toolchain/bin/../lib/gcc/arm-none-eabi/4.8.4/armv6-m\libgcc.a(_divsi3.o)
                              ./Generated_Code/UTIL1.o (__aeabi_idiv)
c:/freescale/kds_3.0.0/toolchain/bin/../lib/gcc/arm-none-eabi/4.8.4/armv6-m\libgcc.a(_dvmd_tls.o)
                              c:/freescale/kds_3.0.0/toolchain/bin/../lib/gcc/arm-none-eabi/4.8.4/armv6-m\libgcc.a(_udivsi3.o) (__aeabi_idiv0)
c:/freescale/kds_3.0.0/toolchain/bin/../lib/gcc/arm-none-eabi/4.8.4/armv6-m\libgcc.a(_arm_cmpsf2.o)
                              ./Generated_Code/PwmLdd1.o (__aeabi_fcmpgt)
c:/freescale/kds_3.0.0/toolchain/bin/../lib/gcc/arm-none-eabi/4.8.4/armv6-m\libgcc.a(_fixunssfsi.o)
                              ./Generated_Code/PwmLdd1.o (__aeabi_f2uiz)
c:/freescale/kds_3.0.0/toolchain/bin/../lib/gcc/arm-none-eabi/4.8.4/armv6-m\libgcc.a(eqsf2.o)
                              c:/freescale/kds_3.0.0/toolchain/bin/../lib/gcc/arm-none-eabi/4.8.4/armv6-m\libgcc.a(_arm_cmpsf2.o) (__eqsf2)
c:/freescale/kds_3.0.0/toolchain/bin/../lib/gcc/arm-none-eabi/4.8.4/armv6-m\libgcc.a(gesf2.o)
                              c:/freescale/kds_3.0.0/toolchain/bin/../lib/gcc/arm-none-eabi/4.8.4/armv6-m\libgcc.a(_arm_cmpsf2.o) (__gesf2)
c:/freescale/kds_3.0.0/toolchain/bin/../lib/gcc/arm-none-eabi/4.8.4/armv6-m\libgcc.a(lesf2.o)
                              c:/freescale/kds_3.0.0/toolchain/bin/../lib/gcc/arm-none-eabi/4.8.4/armv6-m\libgcc.a(_arm_cmpsf2.o) (__lesf2)
c:/freescale/kds_3.0.0/toolchain/bin/../lib/gcc/arm-none-eabi/4.8.4/armv6-m\libgcc.a(mulsf3.o)
                              ./Generated_Code/PwmLdd1.o (__aeabi_fmul)
c:/freescale/kds_3.0.0/toolchain/bin/../lib/gcc/arm-none-eabi/4.8.4/armv6-m\libgcc.a(subsf3.o)
                              c:/freescale/kds_3.0.0/toolchain/bin/../lib/gcc/arm-none-eabi/4.8.4/armv6-m\libgcc.a(_fixunssfsi.o) (__aeabi_fsub)
c:/freescale/kds_3.0.0/toolchain/bin/../lib/gcc/arm-none-eabi/4.8.4/armv6-m\libgcc.a(fixsfsi.o)
                              c:/freescale/kds_3.0.0/toolchain/bin/../lib/gcc/arm-none-eabi/4.8.4/armv6-m\libgcc.a(_fixunssfsi.o) (__aeabi_f2iz)
c:/freescale/kds_3.0.0/toolchain/bin/../lib/gcc/arm-none-eabi/4.8.4/armv6-m\libgcc.a(floatsisf.o)
                              ./Generated_Code/PwmLdd1.o (__aeabi_i2f)
c:/freescale/kds_3.0.0/toolchain/bin/../lib/gcc/arm-none-eabi/4.8.4/armv6-m\libgcc.a(divdf3.o)
                              ./Sources/SchrittmotorLenkung.o (__aeabi_ddiv)
c:/freescale/kds_3.0.0/toolchain/bin/../lib/gcc/arm-none-eabi/4.8.4/armv6-m\libgcc.a(fixdfsi.o)
                              ./Sources/SchrittmotorLenkung.o (__aeabi_d2iz)
c:/freescale/kds_3.0.0/toolchain/bin/../lib/gcc/arm-none-eabi/4.8.4/armv6-m\libgcc.a(floatsidf.o)
                              ./Sources/SchrittmotorLenkung.o (__aeabi_i2d)
c:/freescale/kds_3.0.0/toolchain/bin/../lib/gcc/arm-none-eabi/4.8.4/armv6-m\libgcc.a(_clzsi2.o)
                              c:/freescale/kds_3.0.0/toolchain/bin/../lib/gcc/arm-none-eabi/4.8.4/armv6-m\libgcc.a(mulsf3.o) (__clzsi2)
c:/freescale/kds_3.0.0/toolchain/bin/../lib/gcc/arm-none-eabi/4.8.4/../../../../arm-none-eabi/lib/armv6-m\libg_s.a(lib_a-exit.o)
                              c:/freescale/kds_3.0.0/toolchain/bin/../lib/gcc/arm-none-eabi/4.8.4/../../../../arm-none-eabi/lib/armv6-m/crt0.o (exit)
c:/freescale/kds_3.0.0/toolchain/bin/../lib/gcc/arm-none-eabi/4.8.4/../../../../arm-none-eabi/lib/armv6-m\libg_s.a(lib_a-impure.o)
                              c:/freescale/kds_3.0.0/toolchain/bin/../lib/gcc/arm-none-eabi/4.8.4/../../../../arm-none-eabi/lib/armv6-m\libg_s.a(lib_a-exit.o) (_global_impure_ptr)
c:/freescale/kds_3.0.0/toolchain/bin/../lib/gcc/arm-none-eabi/4.8.4/../../../../arm-none-eabi/lib/armv6-m\libg_s.a(lib_a-init.o)
                              c:/freescale/kds_3.0.0/toolchain/bin/../lib/gcc/arm-none-eabi/4.8.4/../../../../arm-none-eabi/lib/armv6-m/crt0.o (__libc_init_array)
c:/freescale/kds_3.0.0/toolchain/bin/../lib/gcc/arm-none-eabi/4.8.4/../../../../arm-none-eabi/lib/armv6-m\libg_s.a(lib_a-memcpy-stub.o)
                              ./Generated_Code/queue.o (memcpy)
c:/freescale/kds_3.0.0/toolchain/bin/../lib/gcc/arm-none-eabi/4.8.4/../../../../arm-none-eabi/lib/armv6-m\libg_s.a(lib_a-memset.o)
                              c:/freescale/kds_3.0.0/toolchain/bin/../lib/gcc/arm-none-eabi/4.8.4/../../../../arm-none-eabi/lib/armv6-m/crt0.o (memset)
c:/freescale/kds_3.0.0/toolchain/bin/../lib/gcc/arm-none-eabi/4.8.4/../../../../arm-none-eabi/lib/armv6-m\libg_s.a(lib_a-strchr.o)
                              ./Generated_Code/UTIL1.o (strchr)
c:/freescale/kds_3.0.0/toolchain/bin/../lib/gcc/arm-none-eabi/4.8.4/../../../../arm-none-eabi/lib/armv6-m\libg_s.a(lib_a-strcmp.o)
                              ./Generated_Code/CLS1.o (strcmp)
[...]
Memory Configuration

Name             Origin             Length             Attributes
m_interrupts     0x00000000         0x000000c0         xr
m_text           0x00000410         0x0001fbf0         xr
m_data           0x1ffff000         0x00004000         rw
m_cfmprotrom     0x00000400         0x00000010         xr
*default*        0x00000000         0xffffffff

Linker script and memory map

LOAD c:/freescale/kds_3.0.0/toolchain/bin/../lib/gcc/arm-none-eabi/4.8.4/armv6-m/crti.o
LOAD c:/freescale/kds_3.0.0/toolchain/bin/../lib/gcc/arm-none-eabi/4.8.4/armv6-m/crtbegin.o
LOAD c:/freescale/kds_3.0.0/toolchain/bin/../lib/gcc/arm-none-eabi/4.8.4/../../../../arm-none-eabi/lib/armv6-m/crt0.o
LOAD ./Sources/BrushlessMotor.o
LOAD ./Sources/Events.o
LOAD ./Sources/Greifmechanismus.o
LOAD ./Sources/RTOS.o
LOAD ./Sources/ReadSend.o
LOAD ./Sources/SchrittmotorLenkung.o
LOAD ./Sources/main.o
LOAD ./Project_Settings/Startup_Code/startup.o
LOAD ./Generated_Code/AS1.o
LOAD ./Generated_Code/ASerialLdd1.o
LOAD ./Generated_Code/BLDC.o
LOAD ./Generated_Code/Band_DIR.o
LOAD ./Generated_Code/Band_MS1.o
LOAD ./Generated_Code/Band_MS2.o
LOAD ./Generated_Code/Band_MS3.o
LOAD ./Generated_Code/Band_STEP.o
LOAD ./Generated_Code/BitIoLdd1.o
LOAD ./Generated_Code/BitIoLdd2.o
LOAD ./Generated_Code/CLS1.o
LOAD ./Generated_Code/CS1.o
LOAD ./Generated_Code/Cpu.o
LOAD ./Generated_Code/DCMotor.o
LOAD ./Generated_Code/DCMotor_DIR.o
LOAD ./Generated_Code/FRTOS1.o
LOAD ./Generated_Code/KSDK1.o
LOAD ./Generated_Code/LED_BLUE.o
LOAD ./Generated_Code/LED_GREEN.o
LOAD ./Generated_Code/LEDpin1.o
LOAD ./Generated_Code/LEDpin2.o
LOAD ./Generated_Code/Lenk_DIR.o
LOAD ./Generated_Code/Lenk_MS1.o
LOAD ./Generated_Code/Lenk_MS2.o
LOAD ./Generated_Code/Lenk_MS3.o
LOAD ./Generated_Code/Lenk_STEP.o
LOAD ./Generated_Code/PE_LDD.o
LOAD ./Generated_Code/Pwm1.o
LOAD ./Generated_Code/PwmLdd1.o
LOAD ./Generated_Code/PwmLdd2.o
LOAD ./Generated_Code/TU1.o
LOAD ./Generated_Code/TU2.o
LOAD ./Generated_Code/UTIL1.o
LOAD ./Generated_Code/Vectors.o
LOAD ./Generated_Code/WAIT1.o
LOAD ./Generated_Code/croutine.o
LOAD ./Generated_Code/event_groups.o
LOAD ./Generated_Code/heap_1.o
LOAD ./Generated_Code/heap_2.o
LOAD ./Generated_Code/heap_3.o
LOAD ./Generated_Code/heap_4.o
LOAD ./Generated_Code/heap_5.o
LOAD ./Generated_Code/list.o
LOAD ./Generated_Code/port.o
LOAD ./Generated_Code/queue.o
LOAD ./Generated_Code/tasks.o
LOAD ./Generated_Code/timers.o
LOAD c:/freescale/kds_3.0.0/toolchain/bin/../lib/gcc/arm-none-eabi/4.8.4/../../../../arm-none-eabi/lib/armv6-m\libstdc++_s.a
LOAD c:/freescale/kds_3.0.0/toolchain/bin/../lib/gcc/arm-none-eabi/4.8.4/../../../../arm-none-eabi/lib/armv6-m\libm.a
START GROUP
LOAD c:/freescale/kds_3.0.0/toolchain/bin/../lib/gcc/arm-none-eabi/4.8.4/armv6-m\libgcc.a
LOAD c:/freescale/kds_3.0.0/toolchain/bin/../lib/gcc/arm-none-eabi/4.8.4/../../../../arm-none-eabi/lib/armv6-m\libg_s.a
LOAD c:/freescale/kds_3.0.0/toolchain/bin/../lib/gcc/arm-none-eabi/4.8.4/../../../../arm-none-eabi/lib/armv6-m\libc_s.a
END GROUP
START GROUP
LOAD c:/freescale/kds_3.0.0/toolchain/bin/../lib/gcc/arm-none-eabi/4.8.4/armv6-m\libgcc.a
LOAD c:/freescale/kds_3.0.0/toolchain/bin/../lib/gcc/arm-none-eabi/4.8.4/../../../../arm-none-eabi/lib/armv6-m\libc_s.a
LOAD c:/freescale/kds_3.0.0/toolchain/bin/../lib/gcc/arm-none-eabi/4.8.4/../../../../arm-none-eabi/lib/armv6-m\libnosys.a
END GROUP
START GROUP
LOAD c:/freescale/kds_3.0.0/toolchain/bin/../lib/gcc/arm-none-eabi/4.8.4/armv6-m\libgcc.a
LOAD c:/freescale/kds_3.0.0/toolchain/bin/../lib/gcc/arm-none-eabi/4.8.4/../../../../arm-none-eabi/lib/armv6-m\libc_s.a
LOAD c:/freescale/kds_3.0.0/toolchain/bin/../lib/gcc/arm-none-eabi/4.8.4/../../../../arm-none-eabi/lib/armv6-m\libnosys.a
END GROUP
LOAD c:/freescale/kds_3.0.0/toolchain/bin/../lib/gcc/arm-none-eabi/4.8.4/armv6-m/crtend.o
LOAD c:/freescale/kds_3.0.0/toolchain/bin/../lib/gcc/arm-none-eabi/4.8.4/armv6-m/crtn.o
                0x20003000                _estack = 0x20003000
                0x20003000                __SP_INIT = _estack
                0x20003000                __stack = _estack
                0x00000000                __heap_size = 0x0
                0x00000400                __stack_size = 0x400

.interrupts     0x00000000       0xc0
                0x00000000                __vector_table = .
                0x00000000                . = ALIGN (0x4)
 *(.vectortable)
 .vectortable   0x00000000       0xc0 ./Generated_Code/Vectors.o
                0x00000000                __vect_table
                0x000000c0                . = ALIGN (0x4)

.cfmprotect     0x00000400       0x10
                0x00000400                . = ALIGN (0x4)
 *(.cfmconfig)
 .cfmconfig     0x00000400       0x10 ./Generated_Code/Cpu.o
                0x00000400                _cfm
                0x00000410                . = ALIGN (0x4)

.text           0x00000410     0x3a54
                0x00000410                . = ALIGN (0x4)
 *(.text)
 .text          0x00000410       0x60 c:/freescale/kds_3.0.0/toolchain/bin/../lib/gcc/arm-none-eabi/4.8.4/armv6-m/crtbegin.o
 .text          0x00000470       0x78 c:/freescale/kds_3.0.0/toolchain/bin/../lib/gcc/arm-none-eabi/4.8.4/../../../../arm-none-eabi/lib/armv6-m/crt0.o
                0x00000470                _start
                0x00000470                _mainCRTStartup
 .text          0x000004e8       0x9c c:/freescale/kds_3.0.0/toolchain/bin/../lib/gcc/arm-none-eabi/4.8.4/armv6-m\libgcc.a(_udivsi3.o)
                0x000004e8                __aeabi_uidiv
                0x000004e8                __udivsi3
                0x00000570                __aeabi_uidivmod
 .text          0x00000584        0x4 c:/freescale/kds_3.0.0/toolchain/bin/../lib/gcc/arm-none-eabi/4.8.4/armv6-m\libgcc.a(_dvmd_tls.o)
                0x00000584                __aeabi_idiv0
                0x00000584                __aeabi_ldiv0
 .text          0x00000588       0x74 c:/freescale/kds_3.0.0/toolchain/bin/../lib/gcc/arm-none-eabi/4.8.4/armv6-m\libgcc.a(_arm_cmpsf2.o)
                0x00000588                __aeabi_cfrcmple
                0x00000590                __aeabi_cfcmpeq
                0x00000590                __aeabi_cfcmple
                0x000005a0                __aeabi_fcmpeq
                0x000005ac                __aeabi_fcmplt
                0x000005c0                __aeabi_fcmple
                0x000005d4                __aeabi_fcmpgt
                0x000005e8                __aeabi_fcmpge
 .text          0x000005fc       0x30 c:/freescale/kds_3.0.0/toolchain/bin/../lib/gcc/arm-none-eabi/4.8.4/armv6-m\libgcc.a(_fixunssfsi.o)
                0x000005fc                __fixunssfsi
                0x000005fc                __aeabi_f2uiz
 .text          0x0000062c       0x54 c:/freescale/kds_3.0.0/toolchain/bin/../lib/gcc/arm-none-eabi/4.8.4/armv6-m\libgcc.a(eqsf2.o)
                0x0000062c                __eqsf2
                0x0000062c                __nesf2
 .text          0x00000680       0x90 c:/freescale/kds_3.0.0/toolchain/bin/../lib/gcc/arm-none-eabi/4.8.4/armv6-m\libgcc.a(gesf2.o)
                0x00000680                __gesf2
                0x00000680                __gtsf2
 .text          0x00000710       0x98 c:/freescale/kds_3.0.0/toolchain/bin/../lib/gcc/arm-none-eabi/4.8.4/armv6-m\libgcc.a(lesf2.o)
                0x00000710                __ltsf2
                0x00000710                __lesf2
 .text          0x000007a8      0x254 c:/freescale/kds_3.0.0/toolchain/bin/../lib/gcc/arm-none-eabi/4.8.4/armv6-m\libgcc.a(mulsf3.o)
                0x000007a8                __aeabi_fmul
 .text          0x000009fc      0x2ec c:/freescale/kds_3.0.0/toolchain/bin/../lib/gcc/arm-none-eabi/4.8.4/armv6-m\libgcc.a(subsf3.o)
                0x000009fc                __aeabi_fsub
 .text          0x00000ce8       0x40 c:/freescale/kds_3.0.0/toolchain/bin/../lib/gcc/arm-none-eabi/4.8.4/armv6-m\libgcc.a(fixsfsi.o)
                0x00000ce8                __aeabi_f2iz
 .text          0x00000d28       0xb8 c:/freescale/kds_3.0.0/toolchain/bin/../lib/gcc/arm-none-eabi/4.8.4/armv6-m\libgcc.a(floatsisf.o)
                0x00000d28                __aeabi_i2f
 .text          0x00000de0      0x648 c:/freescale/kds_3.0.0/toolchain/bin/../lib/gcc/arm-none-eabi/4.8.4/armv6-m\libgcc.a(divdf3.o)
                0x00000de0                __aeabi_ddiv
 .text          0x00001428       0x68 c:/freescale/kds_3.0.0/toolchain/bin/../lib/gcc/arm-none-eabi/4.8.4/armv6-m\libgcc.a(fixdfsi.o)
                0x00001428                __aeabi_d2iz
 .text          0x00001490       0x7c c:/freescale/kds_3.0.0/toolchain/bin/../lib/gcc/arm-none-eabi/4.8.4/armv6-m\libgcc.a(floatsidf.o)
                0x00001490                __aeabi_i2d
 .text          0x0000150c       0x3c c:/freescale/kds_3.0.0/toolchain/bin/../lib/gcc/arm-none-eabi/4.8.4/armv6-m\libgcc.a(_clzsi2.o)
                0x0000150c                __clzsi2
 *(.text*)
 .text.Cpu_OnNMIINT
                0x00001548        0x8 ./Sources/Events.o
                0x00001548                Cpu_OnNMIINT
 .text.FRTOS1_vApplicationStackOverflowHook
                0x00001550       0x10 ./Sources/Events.o
                0x00001550                FRTOS1_vApplicationStackOverflowHook
 .text.FRTOS1_vApplicationTickHook
                0x00001560        0x8 ./Sources/Events.o
                0x00001560                FRTOS1_vApplicationTickHook
 .text.FRTOS1_vApplicationIdleHook
                0x00001568        0x8 ./Sources/Events.o
                0x00001568                FRTOS1_vApplicationIdleHook
 .text.FRTOS1_vApplicationMallocFailedHook
                0x00001570        0x8 ./Sources/Events.o
                0x00001570                FRTOS1_vApplicationMallocFailedHook
 .text.RTOS_AddTask
                0x00001578       0x38 ./Sources/RTOS.o
                0x00001578                RTOS_AddTask
 .text.RTOS_Init
                0x000015b0        0xc ./Sources/RTOS.o
                0x000015b0                RTOS_Init
 .text.read     0x000015bc       0x80 ./Sources/ReadSend.o
                0x000015bc                read
 .text.datenAuslesen
                0x0000163c       0xfc ./Sources/ReadSend.o
                0x0000163c                datenAuslesen
 .text.clearBuffer
                0x00001738       0x3c ./Sources/ReadSend.o
                0x00001738                clearBuffer
 *fill*         0x00001774        0x4 
 .text.setLenkung
                0x00001778       0xd8 ./Sources/SchrittmotorLenkung.o
                0x00001778                setLenkung
 .text.setWinkel
                0x00001850       0x4c ./Sources/SchrittmotorLenkung.o
                0x00001850                setWinkel
 .text.taskLenkung
                0x0000189c       0x18 ./Sources/main.o
                0x0000189c                taskLenkung
 .text.taskAufladevorgang
                0x000018b4        0xc ./Sources/main.o
                0x000018b4                taskAufladevorgang
 .text.taskAbladevorgang
                0x000018c0        0xc ./Sources/main.o
                0x000018c0                taskAbladevorgang
 .text.taskRxTx
                0x000018cc       0x28 ./Sources/main.o
                0x000018cc                taskRxTx
 .text.initRTOS
                0x000018f4       0x5c ./Sources/main.o
                0x000018f4                initRTOS
 .text.main     0x00001950       0x10 ./Sources/main.o
                0x00001950                main
 .text.__copy_rom_section
                0x00001960       0xd8 ./Project_Settings/Startup_Code/startup.o
                0x00001960                __copy_rom_section
 .text.__copy_rom_sections_to_ram
                0x00001a38       0x98 ./Project_Settings/Startup_Code/startup.o
                0x00001a38                __copy_rom_sections_to_ram
 .text.__init_registers
                0x00001ad0        0x8 ./Project_Settings/Startup_Code/startup.o
                0x00001ad0                __init_registers
 .text.__init_user
                0x00001ad8        0x8 ./Project_Settings/Startup_Code/startup.o
                0x00001ad8                __init_user
 .text.__thumb_startup
                0x00001ae0       0x30 ./Project_Settings/Startup_Code/startup.o
                0x00001ae0                __thumb_startup
 .text.HWEnDi   0x00001b10       0x20 ./Generated_Code/AS1.o
 .text.AS1_RecvChar
                0x00001b30       0xe8 ./Generated_Code/AS1.o
                0x00001b30                AS1_RecvChar
 .text.AS1_Init
                0x00001c18       0x64 ./Generated_Code/AS1.o
                0x00001c18                AS1_Init
 .text.ASerialLdd1_OnBlockReceived
                0x00001c7c       0x7c ./Generated_Code/AS1.o
                0x00001c7c                ASerialLdd1_OnBlockReceived
 .text.ASerialLdd1_OnBlockSent
                0x00001cf8       0x88 ./Generated_Code/AS1.o
                0x00001cf8                ASerialLdd1_OnBlockSent
 .text.ASerialLdd1_OnError
                0x00001d80       0x90 ./Generated_Code/AS1.o
                0x00001d80                ASerialLdd1_OnError
 .text.ASerialLdd1_OnBreak
                0x00001e10       0x20 ./Generated_Code/AS1.o
                0x00001e10                ASerialLdd1_OnBreak
 .text.ASerialLdd1_Init
                0x00001e30      0x1bc ./Generated_Code/ASerialLdd1.o
                0x00001e30                ASerialLdd1_Init
 .text.ASerialLdd1_ReceiveBlock
                0x00001fec       0x50 ./Generated_Code/ASerialLdd1.o
                0x00001fec                ASerialLdd1_ReceiveBlock
 .text.ASerialLdd1_SendBlock
                0x0000203c       0x80 ./Generated_Code/ASerialLdd1.o
                0x0000203c                ASerialLdd1_SendBlock
 .text.InterruptRx
                0x000020bc       0x58 ./Generated_Code/ASerialLdd1.o
 .text.InterruptTx
                0x00002114       0x80 ./Generated_Code/ASerialLdd1.o
 .text.ASerialLdd1_Interrupt
                0x00002194       0xec ./Generated_Code/ASerialLdd1.o
                0x00002194                ASerialLdd1_Interrupt
 .text.ASerialLdd1_GetError
                0x00002280       0x30 ./Generated_Code/ASerialLdd1.o
                0x00002280                ASerialLdd1_GetError
 .text.BLDC_SetPWMDutyUs
                0x000022b0       0x3c ./Generated_Code/BLDC.o
                0x000022b0                BLDC_SetPWMDutyUs
 .text.BLDC_Init
                0x000022ec       0x14 ./Generated_Code/BLDC.o
                0x000022ec                BLDC_Init
 .text.Band_DIR_Init
                0x00002300       0x60 ./Generated_Code/Band_DIR.o
                0x00002300                Band_DIR_Init
 .text.Band_MS1_Init
                0x00002360       0x60 ./Generated_Code/Band_MS1.o
                0x00002360                Band_MS1_Init
 .text.Band_MS2_Init
                0x000023c0       0x60 ./Generated_Code/Band_MS2.o
                0x000023c0                Band_MS2_Init
 .text.Band_MS3_Init
                0x00002420       0x60 ./Generated_Code/Band_MS3.o
                0x00002420                Band_MS3_Init
 .text.Band_STEP_Init
                0x00002480       0x60 ./Generated_Code/Band_STEP.o
                0x00002480                Band_STEP_Init
 .text.BitIoLdd1_Init
                0x000024e0       0x68 ./Generated_Code/BitIoLdd1.o
                0x000024e0                BitIoLdd1_Init
 .text.BitIoLdd1_SetVal
                0x00002548       0x1c ./Generated_Code/BitIoLdd1.o
                0x00002548                BitIoLdd1_SetVal
 .text.BitIoLdd1_NegVal
                0x00002564       0x1c ./Generated_Code/BitIoLdd1.o
                0x00002564                BitIoLdd1_NegVal
 .text.BitIoLdd2_Init
                0x00002580       0x60 ./Generated_Code/BitIoLdd2.o
                0x00002580                BitIoLdd2_Init
 .text.BitIoLdd2_SetVal
                0x000025e0       0x18 ./Generated_Code/BitIoLdd2.o
                0x000025e0                BitIoLdd2_SetVal
 .text.BitIoLdd2_NegVal
                0x000025f8       0x18 ./Generated_Code/BitIoLdd2.o
                0x000025f8                BitIoLdd2_NegVal
 .text.CLS1_ReadChar
                0x00002610       0x30 ./Generated_Code/CLS1.o
                0x00002610                CLS1_ReadChar
 .text.CLS1_Init
                0x00002640        0x8 ./Generated_Code/CLS1.o
                0x00002640                CLS1_Init
 .text.Cpu_INT_NMIInterrupt
                0x00002648        0xc ./Generated_Code/Cpu.o
                0x00002648                Cpu_INT_NMIInterrupt
 .text.Cpu_Interrupt
                0x00002654        0xc ./Generated_Code/Cpu.o
                0x00002654                Cpu_Interrupt
 .text.__init_hardware
                0x00002660      0x110 ./Generated_Code/Cpu.o
                0x00002660                __init_hardware
 .text.PE_low_level_init
                0x00002770      0x14c ./Generated_Code/Cpu.o
                0x00002770                PE_low_level_init
 .text.DCMotor_DIR_Init
                0x000028bc       0x68 ./Generated_Code/DCMotor_DIR.o
                0x000028bc                DCMotor_DIR_Init
 .text.Lenk_DIR_Init
                0x00002924       0x68 ./Generated_Code/Lenk_DIR.o
                0x00002924                Lenk_DIR_Init
 .text.Lenk_DIR_PutVal
                0x0000298c       0x34 ./Generated_Code/Lenk_DIR.o
                0x0000298c                Lenk_DIR_PutVal
 .text.Lenk_MS1_Init
                0x000029c0       0x60 ./Generated_Code/Lenk_MS1.o
                0x000029c0                Lenk_MS1_Init
 .text.Lenk_MS2_Init
                0x00002a20       0x68 ./Generated_Code/Lenk_MS2.o
                0x00002a20                Lenk_MS2_Init
 .text.Lenk_MS3_Init
                0x00002a88       0x68 ./Generated_Code/Lenk_MS3.o
                0x00002a88                Lenk_MS3_Init
 .text.Lenk_STEP_Init
                0x00002af0       0x60 ./Generated_Code/Lenk_STEP.o
                0x00002af0                Lenk_STEP_Init
 .text.Lenk_STEP_NegVal
                0x00002b50       0x18 ./Generated_Code/Lenk_STEP.o
                0x00002b50                Lenk_STEP_NegVal
 .text.PwmLdd1_Init
                0x00002b68       0x58 ./Generated_Code/PwmLdd1.o
                0x00002b68                PwmLdd1_Init
 .text.PwmLdd1_SetDutyUS
                0x00002bc0       0x7c ./Generated_Code/PwmLdd1.o
                0x00002bc0                PwmLdd1_SetDutyUS
 .text.SetRatio
                0x00002c3c       0x68 ./Generated_Code/PwmLdd1.o
 .text.PwmLdd2_Init
                0x00002ca4       0x54 ./Generated_Code/PwmLdd2.o
                0x00002ca4                PwmLdd2_Init
 .text.TU1_Init
                0x00002cf8       0xcc ./Generated_Code/TU1.o
                0x00002cf8                TU1_Init
 .text.TU1_GetPeriodTicks
                0x00002dc4       0x3c ./Generated_Code/TU1.o
                0x00002dc4                TU1_GetPeriodTicks
 .text.TU1_SetOffsetTicks
                0x00002e00       0x44 ./Generated_Code/TU1.o
                0x00002e00                TU1_SetOffsetTicks
 .text.TU2_Init
                0x00002e44       0xd8 ./Generated_Code/TU2.o
                0x00002e44                TU2_Init
 .text.pvPortMalloc
                0x00002f1c      0x124 ./Generated_Code/heap_2.o
                0x00002f1c                pvPortMalloc
 .text.vPortFree
                0x00003040       0x70 ./Generated_Code/heap_2.o
                0x00003040                vPortFree
 .text.prvHeapInit
                0x000030b0       0x4c ./Generated_Code/heap_2.o
 .text.vListInitialise
                0x000030fc       0x3c ./Generated_Code/list.o
                0x000030fc                vListInitialise
 .text.vListInitialiseItem
                0x00003138       0x14 ./Generated_Code/list.o
                0x00003138                vListInitialiseItem
 .text.vListInsertEnd
                0x0000314c       0x44 ./Generated_Code/list.o
                0x0000314c                vListInsertEnd
 .text.vListInsert
                0x00003190       0x6c ./Generated_Code/list.o
                0x00003190                vListInsert
 .text.uxListRemove
                0x000031fc       0x50 ./Generated_Code/list.o
                0x000031fc                uxListRemove
 .text.pxPortInitialiseStack
                0x0000324c       0x50 ./Generated_Code/port.o
                0x0000324c                pxPortInitialiseStack
 .text.vPortInitTickTimer
                0x0000329c       0x3c ./Generated_Code/port.o
                0x0000329c                vPortInitTickTimer
 .text.vPortStartTickTimer
                0x000032d8       0x14 ./Generated_Code/port.o
                0x000032d8                vPortStartTickTimer
 .text.vPortStopTickTimer
                0x000032ec       0x14 ./Generated_Code/port.o
                0x000032ec                vPortStopTickTimer
 .text.xPortStartScheduler
                0x00003300       0x34 ./Generated_Code/port.o
                0x00003300                xPortStartScheduler
 .text.vPortEnterCritical
                0x00003334       0x20 ./Generated_Code/port.o
                0x00003334                vPortEnterCritical
 .text.vPortExitCritical
                0x00003354       0x20 ./Generated_Code/port.o
                0x00003354                vPortExitCritical
 .text.vPortYieldFromISR
                0x00003374       0x1c ./Generated_Code/port.o
                0x00003374                vPortYieldFromISR
 .text.vPortTickHandler
                0x00003390       0x1c ./Generated_Code/port.o
                0x00003390                vPortTickHandler
 .text.vPortStartFirstTask
                0x000033ac       0x1c ./Generated_Code/port.o
                0x000033ac                vPortStartFirstTask
 .text.vPortSVCHandler
                0x000033c8       0x28 ./Generated_Code/port.o
                0x000033c8                vPortSVCHandler
 .text.vPortPendSVHandler
                0x000033f0       0x44 ./Generated_Code/port.o
                0x000033f0                vPortPendSVHandler
 .text.xTaskGenericCreate
                0x00003434      0x174 ./Generated_Code/tasks.o
                0x00003434                xTaskGenericCreate
 .text.vTaskDelay
                0x000035a8       0x64 ./Generated_Code/tasks.o
                0x000035a8                vTaskDelay
 .text.vTaskStartScheduler
                0x0000360c       0x70 ./Generated_Code/tasks.o
                0x0000360c                vTaskStartScheduler
 .text.vTaskSuspendAll
                0x0000367c       0x18 ./Generated_Code/tasks.o
                0x0000367c                vTaskSuspendAll
 .text.xTaskResumeAll
                0x00003694      0x108 ./Generated_Code/tasks.o
                0x00003694                xTaskResumeAll
 .text.xTaskIncrementTick
                0x0000379c      0x17c ./Generated_Code/tasks.o
                0x0000379c                xTaskIncrementTick
 .text.vTaskSwitchContext
                0x00003918       0xc4 ./Generated_Code/tasks.o
                0x00003918                vTaskSwitchContext
 .text.prvIdleTask
                0x000039dc       0x24 ./Generated_Code/tasks.o
 .text.prvInitialiseTCBVariables
                0x00003a00       0xa4 ./Generated_Code/tasks.o
 .text.prvInitialiseTaskLists
                0x00003aa4       0x88 ./Generated_Code/tasks.o
 .text.prvCheckTasksWaitingTermination
                0x00003b2c       0x74 ./Generated_Code/tasks.o
 .text.prvAddCurrentTaskToDelayedList
                0x00003ba0       0x6c ./Generated_Code/tasks.o
 .text.prvAllocateTCBAndStack
                0x00003c0c       0x78 ./Generated_Code/tasks.o
 .text.prvDeleteTCB
                0x00003c84       0x20 ./Generated_Code/tasks.o
 .text.prvResetNextTaskUnblockTime
                0x00003ca4       0x44 ./Generated_Code/tasks.o
 .text.exit     0x00003ce8       0x2c c:/freescale/kds_3.0.0/toolchain/bin/../lib/gcc/arm-none-eabi/4.8.4/../../../../arm-none-eabi/lib/armv6-m\libg_s.a(lib_a-exit.o)
                0x00003ce8                exit
 .text.__libc_init_array
                0x00003d14       0x4c c:/freescale/kds_3.0.0/toolchain/bin/../lib/gcc/arm-none-eabi/4.8.4/../../../../arm-none-eabi/lib/armv6-m\libg_s.a(lib_a-init.o)
                0x00003d14                __libc_init_array
 .text.memset   0x00003d60       0x10 c:/freescale/kds_3.0.0/toolchain/bin/../lib/gcc/arm-none-eabi/4.8.4/../../../../arm-none-eabi/lib/armv6-m\libg_s.a(lib_a-memset.o)
                0x00003d60                memset
 .text._exit    0x00003d70        0x4 c:/freescale/kds_3.0.0/toolchain/bin/../lib/gcc/arm-none-eabi/4.8.4/../../../../arm-none-eabi/lib/armv6-m\libnosys.a(_exit.o)
                0x00003d70                _exit
 *(.rodata)
 .rodata        0x00003d74       0x40 ./Sources/main.o
 .rodata        0x00003db4       0x10 ./Generated_Code/tasks.o
 .rodata        0x00003dc4       0x40 c:/freescale/kds_3.0.0/toolchain/bin/../lib/gcc/arm-none-eabi/4.8.4/armv6-m\libgcc.a(mulsf3.o)
 .rodata        0x00003e04       0x40 c:/freescale/kds_3.0.0/toolchain/bin/../lib/gcc/arm-none-eabi/4.8.4/armv6-m\libgcc.a(divdf3.o)
 *(.rodata*)
 .rodata.str1.1
                0x00003e44        0x2 c:/freescale/kds_3.0.0/toolchain/bin/../lib/gcc/arm-none-eabi/4.8.4/../../../../arm-none-eabi/lib/armv6-m\libg_s.a(lib_a-impure.o)
 *fill*         0x00003e46        0x2 
 .rodata._global_impure_ptr
                0x00003e48        0x4 c:/freescale/kds_3.0.0/toolchain/bin/../lib/gcc/arm-none-eabi/4.8.4/../../../../arm-none-eabi/lib/armv6-m\libg_s.a(lib_a-impure.o)
                0x00003e48                _global_impure_ptr
 *(.glue_7)
 .glue_7        0x00000000        0x0 linker stubs
 *(.glue_7t)
 .glue_7t       0x00000000        0x0 linker stubs
 *(.eh_frame)
 .eh_frame      0x00003e4c        0x0 c:/freescale/kds_3.0.0/toolchain/bin/../lib/gcc/arm-none-eabi/4.8.4/armv6-m/crtbegin.o
 *(.init)
 .init          0x00003e4c        0x4 c:/freescale/kds_3.0.0/toolchain/bin/../lib/gcc/arm-none-eabi/4.8.4/armv6-m/crti.o
                0x00003e4c                _init
 .init          0x00003e50        0x8 c:/freescale/kds_3.0.0/toolchain/bin/../lib/gcc/arm-none-eabi/4.8.4/armv6-m/crtn.o
 *(.fini)
 .fini          0x00003e58        0x4 c:/freescale/kds_3.0.0/toolchain/bin/../lib/gcc/arm-none-eabi/4.8.4/armv6-m/crti.o
                0x00003e58                _fini
 .fini          0x00003e5c        0x8 c:/freescale/kds_3.0.0/toolchain/bin/../lib/gcc/arm-none-eabi/4.8.4/armv6-m/crtn.o
                0x00003e64                . = ALIGN (0x4)
                0x00003e64                _etext = .

.vfp11_veneer   0x00003e64        0x0
 .vfp11_veneer  0x00000000        0x0 linker stubs

.v4_bx          0x00003e64        0x0
 .v4_bx         0x00000000        0x0 linker stubs

.iplt           0x00003e64        0x0
 .iplt          0x00000000        0x0 c:/freescale/kds_3.0.0/toolchain/bin/../lib/gcc/arm-none-eabi/4.8.4/armv6-m/crtbegin.o

.ARM.extab
 *(.ARM.extab* .gnu.linkonce.armextab.*)

.ARM            0x00003e64        0x8
                0x00003e64                __exidx_start = .
 *(.ARM.exidx*)
 .ARM.exidx     0x00003e64        0x8 c:/freescale/kds_3.0.0/toolchain/bin/../lib/gcc/arm-none-eabi/4.8.4/../../../../arm-none-eabi/lib/armv6-m/crt0.o
                0x00003e6c                __exidx_end = .

.rel.dyn        0x00003e6c        0x0
 .rel.iplt      0x00000000        0x0 c:/freescale/kds_3.0.0/toolchain/bin/../lib/gcc/arm-none-eabi/4.8.4/armv6-m/crtbegin.o

.ctors          0x00003e6c        0x0
                0x00003e6c                __CTOR_LIST__ = .
 *crtbegin.o(.ctors)
 *(EXCLUDE_FILE(*crtend.o) .ctors)
 *(SORT(.ctors.*))
 *(.ctors)
                0x00003e6c                __CTOR_END__ = .

.dtors          0x00003e6c        0x0
                0x00003e6c                __DTOR_LIST__ = .
 *crtbegin.o(.dtors)
 *(EXCLUDE_FILE(*crtend.o) .dtors)
 *(SORT(.dtors.*))
 *(.dtors)
                0x00003e6c                __DTOR_END__ = .

.preinit_array  0x00003e6c        0x0
                0x00003e6c                PROVIDE (__preinit_array_start, .)
 *(.preinit_array*)
                0x00003e6c                PROVIDE (__preinit_array_end, .)

.init_array     0x00003e6c        0x4
                0x00003e6c                PROVIDE (__init_array_start, .)
 *(SORT(.init_array.*))
 *(.init_array*)
 .init_array    0x00003e6c        0x4 c:/freescale/kds_3.0.0/toolchain/bin/../lib/gcc/arm-none-eabi/4.8.4/armv6-m/crtbegin.o
                0x00003e70                PROVIDE (__init_array_end, .)

.fini_array     0x00003e70        0x4
                0x00003e70                PROVIDE (__fini_array_start, .)
 *(SORT(.fini_array.*))
 *(.fini_array*)
 .fini_array    0x00003e70        0x4 c:/freescale/kds_3.0.0/toolchain/bin/../lib/gcc/arm-none-eabi/4.8.4/armv6-m/crtbegin.o
                0x00003e74                PROVIDE (__fini_array_end, .)
                0x00003e74                ___ROM_AT = .

.mtb            0x1ffff000        0x0
                0x1ffff000                . = ALIGN (0x8)
                0x1ffff000                _mtb_start = .
 *(.mtb_buf)
                0x1ffff000                . = ALIGN (0x8)
                0x1ffff000                _mtb_end = .

.data           0x1ffff000       0x68 load address 0x00003e74
                0x1ffff000                . = ALIGN (0x4)
                0x1ffff000                _sdata = .
 *(.data)
 *(.data*)
 .data.xFreeBytesRemaining
                0x1ffff000        0x4 ./Generated_Code/heap_2.o
 .data.uxCriticalNesting
                0x1ffff004        0x4 ./Generated_Code/port.o
 .data.impure_data
                0x1ffff008       0x60 c:/freescale/kds_3.0.0/toolchain/bin/../lib/gcc/arm-none-eabi/4.8.4/../../../../arm-none-eabi/lib/armv6-m\libg_s.a(lib_a-impure.o)
                0x1ffff068                . = ALIGN (0x4)
                0x1ffff068                _edata = .
                0x00000068                ___data_size = (_edata - _sdata)

.jcr            0x1ffff068        0x0 load address 0x00003edc
 .jcr           0x1ffff068        0x0 c:/freescale/kds_3.0.0/toolchain/bin/../lib/gcc/arm-none-eabi/4.8.4/armv6-m/crtbegin.o

.igot.plt       0x1ffff068        0x0 load address 0x00003edc
 .igot.plt      0x00000000        0x0 c:/freescale/kds_3.0.0/toolchain/bin/../lib/gcc/arm-none-eabi/4.8.4/armv6-m/crtbegin.o
                0x1ffff068                . = ALIGN (0x4)

.bss            0x1ffff068     0x316c load address 0x00003edc
                0x1ffff068                __START_BSS = .
                0x1ffff068                PROVIDE (__bss_start__, __START_BSS)
 *(.bss)
 .bss           0x1ffff068       0x1c c:/freescale/kds_3.0.0/toolchain/bin/../lib/gcc/arm-none-eabi/4.8.4/armv6-m/crtbegin.o
 *(.bss*)
 .bss.SerFlag   0x1ffff084        0x2 ./Generated_Code/AS1.o
 .bss.AS1_InpLen
                0x1ffff086        0x2 ./Generated_Code/AS1.o
 .bss.InpIndexR
                0x1ffff088        0x2 ./Generated_Code/AS1.o
 .bss.InpIndexW
                0x1ffff08a        0x2 ./Generated_Code/AS1.o
 .bss.InpBuffer
                0x1ffff08c       0x20 ./Generated_Code/AS1.o
 .bss.BufferRead
                0x1ffff0ac        0x1 ./Generated_Code/AS1.o
 *fill*         0x1ffff0ad        0x1 
 .bss.AS1_OutLen
                0x1ffff0ae        0x2 ./Generated_Code/AS1.o
 .bss.OutIndexR
                0x1ffff0b0        0x2 ./Generated_Code/AS1.o
 .bss.OutIndexW
                0x1ffff0b2        0x2 ./Generated_Code/AS1.o
 .bss.OutBuffer
                0x1ffff0b4       0x20 ./Generated_Code/AS1.o
 .bss.DeviceDataPrv__DEFAULT_RTOS_ALLOC
                0x1ffff0d4       0x20 ./Generated_Code/ASerialLdd1.o
 .bss.INT_UART0__BAREBOARD_RTOS_ISRPARAM
                0x1ffff0f4        0x4 ./Generated_Code/ASerialLdd1.o
 .bss.Servo     0x1ffff0f8        0x4 ./Generated_Code/BLDC.o
 .bss.DeviceDataPrv__DEFAULT_RTOS_ALLOC
                0x1ffff0fc        0x4 ./Generated_Code/Band_DIR.o
 .bss.DeviceDataPrv__DEFAULT_RTOS_ALLOC
                0x1ffff100        0x4 ./Generated_Code/Band_MS1.o
 .bss.DeviceDataPrv__DEFAULT_RTOS_ALLOC
                0x1ffff104        0x4 ./Generated_Code/Band_MS2.o
 .bss.DeviceDataPrv__DEFAULT_RTOS_ALLOC
                0x1ffff108        0x4 ./Generated_Code/Band_MS3.o
 .bss.DeviceDataPrv__DEFAULT_RTOS_ALLOC
                0x1ffff10c        0x4 ./Generated_Code/Band_STEP.o
 .bss.DeviceDataPrv__DEFAULT_RTOS_ALLOC
                0x1ffff110        0x4 ./Generated_Code/BitIoLdd1.o
 .bss.DeviceDataPrv__DEFAULT_RTOS_ALLOC
                0x1ffff114        0x4 ./Generated_Code/BitIoLdd2.o
 .bss.SR_lock   0x1ffff118        0x1 ./Generated_Code/Cpu.o
                0x1ffff118                SR_lock
 *fill*         0x1ffff119        0x3 
 .bss.DeviceDataPrv__DEFAULT_RTOS_ALLOC
                0x1ffff11c        0x4 ./Generated_Code/DCMotor_DIR.o
 .bss.DeviceDataPrv__DEFAULT_RTOS_ALLOC
                0x1ffff120        0x4 ./Generated_Code/Lenk_DIR.o
 .bss.DeviceDataPrv__DEFAULT_RTOS_ALLOC
                0x1ffff124        0x4 ./Generated_Code/Lenk_MS1.o
 .bss.DeviceDataPrv__DEFAULT_RTOS_ALLOC
                0x1ffff128        0x4 ./Generated_Code/Lenk_MS2.o
 .bss.DeviceDataPrv__DEFAULT_RTOS_ALLOC
                0x1ffff12c        0x4 ./Generated_Code/Lenk_MS3.o
 .bss.DeviceDataPrv__DEFAULT_RTOS_ALLOC
                0x1ffff130        0x4 ./Generated_Code/Lenk_STEP.o
 .bss.PE_LDD_DeviceDataList
                0x1ffff134       0x48 ./Generated_Code/PE_LDD.o
                0x1ffff134                PE_LDD_DeviceDataList
 .bss.DeviceDataPrv__DEFAULT_RTOS_ALLOC
                0x1ffff17c        0xc ./Generated_Code/PwmLdd1.o
 .bss.DeviceDataPrv__DEFAULT_RTOS_ALLOC
                0x1ffff188        0xc ./Generated_Code/PwmLdd2.o
 .bss.DeviceDataPrv__DEFAULT_RTOS_ALLOC
                0x1ffff194        0xc ./Generated_Code/TU1.o
 .bss.DeviceDataPrv__DEFAULT_RTOS_ALLOC
                0x1ffff1a0        0x8 ./Generated_Code/TU2.o
 .bss.ucHeap    0x1ffff1a8     0x2ee0 ./Generated_Code/heap_2.o
 .bss.xStart    0x20002088        0x8 ./Generated_Code/heap_2.o
 .bss.xEnd      0x20002090        0x8 ./Generated_Code/heap_2.o
 .bss.xHeapHasBeenInitialised.7040
                0x20002098        0x4 ./Generated_Code/heap_2.o
 .bss.pxCurrentTCB
                0x2000209c        0x4 ./Generated_Code/tasks.o
                0x2000209c                pxCurrentTCB
 .bss.pxReadyTasksLists
                0x200020a0       0x78 ./Generated_Code/tasks.o
 .bss.xDelayedTaskList1
                0x20002118       0x14 ./Generated_Code/tasks.o
 .bss.xDelayedTaskList2
                0x2000212c       0x14 ./Generated_Code/tasks.o
 .bss.pxDelayedTaskList
                0x20002140        0x4 ./Generated_Code/tasks.o
 .bss.pxOverflowDelayedTaskList
                0x20002144        0x4 ./Generated_Code/tasks.o
 .bss.xPendingReadyList
                0x20002148       0x14 ./Generated_Code/tasks.o
 .bss.xTasksWaitingTermination
                0x2000215c       0x14 ./Generated_Code/tasks.o
 .bss.uxTasksDeleted
                0x20002170        0x4 ./Generated_Code/tasks.o
 .bss.xSuspendedTaskList
                0x20002174       0x14 ./Generated_Code/tasks.o
 .bss.uxCurrentNumberOfTasks
                0x20002188        0x4 ./Generated_Code/tasks.o
 .bss.xTickCount
                0x2000218c        0x4 ./Generated_Code/tasks.o
 .bss.uxTopReadyPriority
                0x20002190        0x4 ./Generated_Code/tasks.o
 .bss.xSchedulerRunning
                0x20002194        0x4 ./Generated_Code/tasks.o
 .bss.uxPendedTicks
                0x20002198        0x4 ./Generated_Code/tasks.o
 .bss.xYieldPending
                0x2000219c        0x4 ./Generated_Code/tasks.o
 .bss.xNumOfOverflows
                0x200021a0        0x4 ./Generated_Code/tasks.o
 .bss.uxTaskNumber
                0x200021a4        0x4 ./Generated_Code/tasks.o
 .bss.xNextTaskUnblockTime
                0x200021a8        0x4 ./Generated_Code/tasks.o
 .bss.uxSchedulerSuspended
                0x200021ac        0x4 ./Generated_Code/tasks.o
 *(COMMON)
 COMMON         0x200021b0       0x14 ./Sources/ReadSend.o
                0x200021b0                inputGeschwindigkeit
                0x200021b4                tail
                0x200021b8                head
                0x200021bc                buffer
                0x200021c0                inputPosLenkung
 COMMON         0x200021c4        0x8 ./Sources/SchrittmotorLenkung.o
                0x200021c4                pos
                0x200021c8                aktuellePosStep
 COMMON         0x200021cc        0x4 ./Generated_Code/AS1.o
                0x200021cc                ASerialLdd1_DeviceDataPtr
 COMMON         0x200021d0        0x1 ./Generated_Code/Cpu.o
                0x200021d0                SR_reg
                0x200021d4                . = ALIGN (0x4)
 *fill*         0x200021d1        0x3 
                0x200021d4                __END_BSS = .
                0x200021d4                PROVIDE (__bss_end__, __END_BSS)
                0x00003edc                _romp_at = (___ROM_AT + SIZEOF (.data))

.romp           0x200021d4       0x18 load address 0x00003edc
                0x00003edc                __S_romp = _romp_at
                0x200021d4        0x4 LONG 0x3e74 ___ROM_AT
                0x200021d8        0x4 LONG 0x1ffff000 _sdata
                0x200021dc        0x4 LONG 0x68 ___data_size
                0x200021e0        0x4 LONG 0x0
                0x200021e4        0x4 LONG 0x0
                0x200021e8        0x4 LONG 0x0

._user_heap_stack
                0x200021ec      0x400 load address 0x00003ef4
                0x200021ec                . = ALIGN (0x4)
                0x200021ec                PROVIDE (end, .)
                0x200021ec                PROVIDE (_end, .)
                0x200021ec                __heap_addr = .
                0x200021ec                __HeapBase = .
                0x200021ec                . = (. + __heap_size)
                0x200021ec                __HeapLimit = .
                0x200025ec                . = (. + __stack_size)
 *fill*         0x200021ec      0x400 
                0x200025ec                . = ALIGN (0x4)

.ARM.attributes
                0x00000000       0x28
 *(.ARM.attributes)
 .ARM.attributes
                0x00000000       0x1e c:/freescale/kds_3.0.0/toolchain/bin/../lib/gcc/arm-none-eabi/4.8.4/armv6-m/crti.o
 .ARM.attributes
                0x0000001e       0x2c c:/freescale/kds_3.0.0/toolchain/bin/../lib/gcc/arm-none-eabi/4.8.4/armv6-m/crtbegin.o
 .ARM.attributes
                0x0000004a       0x1b c:/freescale/kds_3.0.0/toolchain/bin/../lib/gcc/arm-none-eabi/4.8.4/../../../../arm-none-eabi/lib/armv6-m/crt0.o
 .ARM.attributes
                0x00000065       0x32 ./Sources/Events.o
 .ARM.attributes
                0x00000097       0x32 ./Sources/RTOS.o
 .ARM.attributes
                0x000000c9       0x32 ./Sources/ReadSend.o
 .ARM.attributes
                0x000000fb       0x32 ./Sources/SchrittmotorLenkung.o
 .ARM.attributes
                0x0000012d       0x32 ./Sources/main.o
 .ARM.attributes
                0x0000015f       0x32 ./Project_Settings/Startup_Code/startup.o
 .ARM.attributes
                0x00000191       0x32 ./Generated_Code/AS1.o
 .ARM.attributes
                0x000001c3       0x32 ./Generated_Code/ASerialLdd1.o
 .ARM.attributes
                0x000001f5       0x32 ./Generated_Code/BLDC.o
 .ARM.attributes
                0x00000227       0x32 ./Generated_Code/Band_DIR.o
 .ARM.attributes
                0x00000259       0x32 ./Generated_Code/Band_MS1.o
 .ARM.attributes
                0x0000028b       0x32 ./Generated_Code/Band_MS2.o
 .ARM.attributes
                0x000002bd       0x32 ./Generated_Code/Band_MS3.o
 .ARM.attributes
                0x000002ef       0x32 ./Generated_Code/Band_STEP.o
 .ARM.attributes
                0x00000321       0x32 ./Generated_Code/BitIoLdd1.o
 .ARM.attributes
                0x00000353       0x32 ./Generated_Code/BitIoLdd2.o
 .ARM.attributes
                0x00000385       0x32 ./Generated_Code/CLS1.o
 .ARM.attributes
                0x000003b7       0x32 ./Generated_Code/Cpu.o
 .ARM.attributes
                0x000003e9       0x32 ./Generated_Code/DCMotor_DIR.o
 .ARM.attributes
                0x0000041b       0x32 ./Generated_Code/Lenk_DIR.o
 .ARM.attributes
                0x0000044d       0x32 ./Generated_Code/Lenk_MS1.o
 .ARM.attributes
                0x0000047f       0x32 ./Generated_Code/Lenk_MS2.o
 .ARM.attributes
                0x000004b1       0x32 ./Generated_Code/Lenk_MS3.o
 .ARM.attributes
                0x000004e3       0x32 ./Generated_Code/Lenk_STEP.o
 .ARM.attributes
                0x00000515       0x32 ./Generated_Code/PE_LDD.o
 .ARM.attributes
                0x00000547       0x32 ./Generated_Code/PwmLdd1.o
 .ARM.attributes
                0x00000579       0x32 ./Generated_Code/PwmLdd2.o
 .ARM.attributes
                0x000005ab       0x32 ./Generated_Code/TU1.o
 .ARM.attributes
                0x000005dd       0x32 ./Generated_Code/TU2.o
 .ARM.attributes
                0x0000060f       0x32 ./Generated_Code/Vectors.o
 .ARM.attributes
                0x00000641       0x32 ./Generated_Code/heap_2.o
 .ARM.attributes
                0x00000673       0x32 ./Generated_Code/list.o
 .ARM.attributes
                0x000006a5       0x32 ./Generated_Code/port.o
 .ARM.attributes
                0x000006d7       0x32 ./Generated_Code/tasks.o
 .ARM.attributes
                0x00000709       0x1e c:/freescale/kds_3.0.0/toolchain/bin/../lib/gcc/arm-none-eabi/4.8.4/armv6-m\libgcc.a(_udivsi3.o)
 .ARM.attributes
                0x00000727       0x1e c:/freescale/kds_3.0.0/toolchain/bin/../lib/gcc/arm-none-eabi/4.8.4/armv6-m\libgcc.a(_dvmd_tls.o)
 .ARM.attributes
                0x00000745       0x1e c:/freescale/kds_3.0.0/toolchain/bin/../lib/gcc/arm-none-eabi/4.8.4/armv6-m\libgcc.a(_arm_cmpsf2.o)
 .ARM.attributes
                0x00000763       0x2c c:/freescale/kds_3.0.0/toolchain/bin/../lib/gcc/arm-none-eabi/4.8.4/armv6-m\libgcc.a(_fixunssfsi.o)
 .ARM.attributes
                0x0000078f       0x2c c:/freescale/kds_3.0.0/toolchain/bin/../lib/gcc/arm-none-eabi/4.8.4/armv6-m\libgcc.a(eqsf2.o)
 .ARM.attributes
                0x000007bb       0x2c c:/freescale/kds_3.0.0/toolchain/bin/../lib/gcc/arm-none-eabi/4.8.4/armv6-m\libgcc.a(gesf2.o)
 .ARM.attributes
                0x000007e7       0x2c c:/freescale/kds_3.0.0/toolchain/bin/../lib/gcc/arm-none-eabi/4.8.4/armv6-m\libgcc.a(lesf2.o)
 .ARM.attributes
                0x00000813       0x2c c:/freescale/kds_3.0.0/toolchain/bin/../lib/gcc/arm-none-eabi/4.8.4/armv6-m\libgcc.a(mulsf3.o)
 .ARM.attributes
                0x0000083f       0x2c c:/freescale/kds_3.0.0/toolchain/bin/../lib/gcc/arm-none-eabi/4.8.4/armv6-m\libgcc.a(subsf3.o)
 .ARM.attributes
                0x0000086b       0x2c c:/freescale/kds_3.0.0/toolchain/bin/../lib/gcc/arm-none-eabi/4.8.4/armv6-m\libgcc.a(fixsfsi.o)
 .ARM.attributes
                0x00000897       0x2c c:/freescale/kds_3.0.0/toolchain/bin/../lib/gcc/arm-none-eabi/4.8.4/armv6-m\libgcc.a(floatsisf.o)
 .ARM.attributes
                0x000008c3       0x2c c:/freescale/kds_3.0.0/toolchain/bin/../lib/gcc/arm-none-eabi/4.8.4/armv6-m\libgcc.a(divdf3.o)
 .ARM.attributes
                0x000008ef       0x2c c:/freescale/kds_3.0.0/toolchain/bin/../lib/gcc/arm-none-eabi/4.8.4/armv6-m\libgcc.a(fixdfsi.o)
 .ARM.attributes
                0x0000091b       0x2c c:/freescale/kds_3.0.0/toolchain/bin/../lib/gcc/arm-none-eabi/4.8.4/armv6-m\libgcc.a(floatsidf.o)
 .ARM.attributes
                0x00000947       0x1e c:/freescale/kds_3.0.0/toolchain/bin/../lib/gcc/arm-none-eabi/4.8.4/armv6-m\libgcc.a(_clzsi2.o)
 .ARM.attributes
                0x00000965       0x2c c:/freescale/kds_3.0.0/toolchain/bin/../lib/gcc/arm-none-eabi/4.8.4/../../../../arm-none-eabi/lib/armv6-m\libg_s.a(lib_a-exit.o)
 .ARM.attributes
                0x00000991       0x2c c:/freescale/kds_3.0.0/toolchain/bin/../lib/gcc/arm-none-eabi/4.8.4/../../../../arm-none-eabi/lib/armv6-m\libg_s.a(lib_a-impure.o)
 .ARM.attributes
                0x000009bd       0x2c c:/freescale/kds_3.0.0/toolchain/bin/../lib/gcc/arm-none-eabi/4.8.4/../../../../arm-none-eabi/lib/armv6-m\libg_s.a(lib_a-init.o)
 .ARM.attributes
                0x000009e9       0x2c c:/freescale/kds_3.0.0/toolchain/bin/../lib/gcc/arm-none-eabi/4.8.4/../../../../arm-none-eabi/lib/armv6-m\libg_s.a(lib_a-memset.o)
 .ARM.attributes
                0x00000a15       0x2c c:/freescale/kds_3.0.0/toolchain/bin/../lib/gcc/arm-none-eabi/4.8.4/../../../../arm-none-eabi/lib/armv6-m\libnosys.a(_exit.o)
 .ARM.attributes
                0x00000a41       0x1e c:/freescale/kds_3.0.0/toolchain/bin/../lib/gcc/arm-none-eabi/4.8.4/armv6-m/crtn.o
OUTPUT(OSs.elf elf32-littlearm)

.debug_info     0x00000000     0x8d0b
 .debug_info    0x00000000      0x10e ./Sources/Events.o
 .debug_info    0x0000010e      0x224 ./Sources/RTOS.o
 .debug_info    0x00000332      0x16d ./Sources/ReadSend.o
 .debug_info    0x0000049f      0x18b ./Sources/SchrittmotorLenkung.o
 .debug_info    0x0000062a      0x182 ./Sources/main.o
 .debug_info    0x000007ac      0x20a ./Project_Settings/Startup_Code/startup.o
 .debug_info    0x000009b6      0x4c1 ./Generated_Code/AS1.o
 .debug_info    0x00000e77      0x7ba ./Generated_Code/ASerialLdd1.o
 .debug_info    0x00001631      0x1bb ./Generated_Code/BLDC.o
 .debug_info    0x000017ec      0x380 ./Generated_Code/Band_DIR.o
 .debug_info    0x00001b6c      0x380 ./Generated_Code/Band_MS1.o
 .debug_info    0x00001eec      0x380 ./Generated_Code/Band_MS2.o
 .debug_info    0x0000226c      0x380 ./Generated_Code/Band_MS3.o
 .debug_info    0x000025ec      0x380 ./Generated_Code/Band_STEP.o
 .debug_info    0x0000296c      0x372 ./Generated_Code/BitIoLdd1.o
 .debug_info    0x00002cde      0x372 ./Generated_Code/BitIoLdd2.o
 .debug_info    0x00003050      0x9b0 ./Generated_Code/CLS1.o
 .debug_info    0x00003a00      0x865 ./Generated_Code/Cpu.o
 .debug_info    0x00004265      0x380 ./Generated_Code/DCMotor_DIR.o
 .debug_info    0x000045e5      0x3a6 ./Generated_Code/Lenk_DIR.o
 .debug_info    0x0000498b      0x380 ./Generated_Code/Lenk_MS1.o
 .debug_info    0x00004d0b      0x380 ./Generated_Code/Lenk_MS2.o
 .debug_info    0x0000508b      0x380 ./Generated_Code/Lenk_MS3.o
 .debug_info    0x0000540b      0x3a6 ./Generated_Code/Lenk_STEP.o
 .debug_info    0x000057b1      0x251 ./Generated_Code/PE_LDD.o
 .debug_info    0x00005a02      0x345 ./Generated_Code/PwmLdd1.o
 .debug_info    0x00005d47      0x2ea ./Generated_Code/PwmLdd2.o
 .debug_info    0x00006031      0x744 ./Generated_Code/TU1.o
 .debug_info    0x00006775      0x6aa ./Generated_Code/TU2.o
 .debug_info    0x00006e1f      0x10e ./Generated_Code/Vectors.o
 .debug_info    0x00006f2d      0x2e9 ./Generated_Code/heap_2.o
 .debug_info    0x00007216      0x2a8 ./Generated_Code/list.o
 .debug_info    0x000074be      0x247 ./Generated_Code/port.o
 .debug_info    0x00007705     0x1606 ./Generated_Code/tasks.o

.debug_abbrev   0x00000000     0x2983
 .debug_abbrev  0x00000000       0x8b ./Sources/Events.o
 .debug_abbrev  0x0000008b      0x107 ./Sources/RTOS.o
 .debug_abbrev  0x00000192       0xf4 ./Sources/ReadSend.o
 .debug_abbrev  0x00000286       0xfb ./Sources/SchrittmotorLenkung.o
 .debug_abbrev  0x00000381       0xed ./Sources/main.o
 .debug_abbrev  0x0000046e      0x11e ./Project_Settings/Startup_Code/startup.o
 .debug_abbrev  0x0000058c      0x1d6 ./Generated_Code/AS1.o
 .debug_abbrev  0x00000762      0x1af ./Generated_Code/ASerialLdd1.o
 .debug_abbrev  0x00000911      0x115 ./Generated_Code/BLDC.o
 .debug_abbrev  0x00000a26      0x136 ./Generated_Code/Band_DIR.o
 .debug_abbrev  0x00000b5c      0x136 ./Generated_Code/Band_MS1.o
 .debug_abbrev  0x00000c92      0x136 ./Generated_Code/Band_MS2.o
 .debug_abbrev  0x00000dc8      0x136 ./Generated_Code/Band_MS3.o
 .debug_abbrev  0x00000efe      0x136 ./Generated_Code/Band_STEP.o
 .debug_abbrev  0x00001034      0x127 ./Generated_Code/BitIoLdd1.o
 .debug_abbrev  0x0000115b      0x127 ./Generated_Code/BitIoLdd2.o
 .debug_abbrev  0x00001282      0x1c2 ./Generated_Code/CLS1.o
 .debug_abbrev  0x00001444      0x15f ./Generated_Code/Cpu.o
 .debug_abbrev  0x000015a3      0x136 ./Generated_Code/DCMotor_DIR.o
 .debug_abbrev  0x000016d9      0x15f ./Generated_Code/Lenk_DIR.o
 .debug_abbrev  0x00001838      0x136 ./Generated_Code/Lenk_MS1.o
 .debug_abbrev  0x0000196e      0x136 ./Generated_Code/Lenk_MS2.o
 .debug_abbrev  0x00001aa4      0x136 ./Generated_Code/Lenk_MS3.o
 .debug_abbrev  0x00001bda      0x15f ./Generated_Code/Lenk_STEP.o
 .debug_abbrev  0x00001d39      0x10d ./Generated_Code/PE_LDD.o
 .debug_abbrev  0x00001e46      0x122 ./Generated_Code/PwmLdd1.o
 .debug_abbrev  0x00001f68      0x122 ./Generated_Code/PwmLdd2.o
 .debug_abbrev  0x0000208a      0x198 ./Generated_Code/TU1.o
 .debug_abbrev  0x00002222      0x198 ./Generated_Code/TU2.o
 .debug_abbrev  0x000023ba       0xa4 ./Generated_Code/Vectors.o
 .debug_abbrev  0x0000245e      0x155 ./Generated_Code/heap_2.o
 .debug_abbrev  0x000025b3       0xc1 ./Generated_Code/list.o
 .debug_abbrev  0x00002674       0xed ./Generated_Code/port.o
 .debug_abbrev  0x00002761      0x222 ./Generated_Code/tasks.o

.debug_aranges  0x00000000      0xb78
 .debug_aranges
                0x00000000       0x40 ./Sources/Events.o
 .debug_aranges
                0x00000040       0x48 ./Sources/RTOS.o
 .debug_aranges
                0x00000088       0x30 ./Sources/ReadSend.o
 .debug_aranges
                0x000000b8       0x38 ./Sources/SchrittmotorLenkung.o
 .debug_aranges
                0x000000f0       0x48 ./Sources/main.o
 .debug_aranges
                0x00000138       0x50 ./Project_Settings/Startup_Code/startup.o
 .debug_aranges
                0x00000188       0x88 ./Generated_Code/AS1.o
 .debug_aranges
                0x00000210       0x50 ./Generated_Code/ASerialLdd1.o
 .debug_aranges
                0x00000260       0x38 ./Generated_Code/BLDC.o
 .debug_aranges
                0x00000298       0x40 ./Generated_Code/Band_DIR.o
 .debug_aranges
                0x000002d8       0x40 ./Generated_Code/Band_MS1.o
 .debug_aranges
                0x00000318       0x40 ./Generated_Code/Band_MS2.o
 .debug_aranges
                0x00000358       0x40 ./Generated_Code/Band_MS3.o
 .debug_aranges
                0x00000398       0x40 ./Generated_Code/Band_STEP.o
 .debug_aranges
                0x000003d8       0x40 ./Generated_Code/BitIoLdd1.o
 .debug_aranges
                0x00000418       0x40 ./Generated_Code/BitIoLdd2.o
 .debug_aranges
                0x00000458      0x108 ./Generated_Code/CLS1.o
 .debug_aranges
                0x00000560       0x38 ./Generated_Code/Cpu.o
 .debug_aranges
                0x00000598       0x40 ./Generated_Code/DCMotor_DIR.o
 .debug_aranges
                0x000005d8       0x48 ./Generated_Code/Lenk_DIR.o
 .debug_aranges
                0x00000620       0x40 ./Generated_Code/Lenk_MS1.o
 .debug_aranges
                0x00000660       0x40 ./Generated_Code/Lenk_MS2.o
 .debug_aranges
                0x000006a0       0x40 ./Generated_Code/Lenk_MS3.o
 .debug_aranges
                0x000006e0       0x48 ./Generated_Code/Lenk_STEP.o
 .debug_aranges
                0x00000728       0x30 ./Generated_Code/PE_LDD.o
 .debug_aranges
                0x00000758       0x50 ./Generated_Code/PwmLdd1.o
 .debug_aranges
                0x000007a8       0x40 ./Generated_Code/PwmLdd2.o
 .debug_aranges
                0x000007e8       0x60 ./Generated_Code/TU1.o
 .debug_aranges
                0x00000848       0x48 ./Generated_Code/TU2.o
 .debug_aranges
                0x00000890       0x18 ./Generated_Code/Vectors.o
 .debug_aranges
                0x000008a8       0x40 ./Generated_Code/heap_2.o
 .debug_aranges
                0x000008e8       0x40 ./Generated_Code/list.o
 .debug_aranges
                0x00000928       0x90 ./Generated_Code/port.o
 .debug_aranges
                0x000009b8      0x1c0 ./Generated_Code/tasks.o

.debug_ranges   0x00000000      0x950
 .debug_ranges  0x00000000       0x30 ./Sources/Events.o
 .debug_ranges  0x00000030       0x38 ./Sources/RTOS.o
 .debug_ranges  0x00000068       0x20 ./Sources/ReadSend.o
 .debug_ranges  0x00000088       0x28 ./Sources/SchrittmotorLenkung.o
 .debug_ranges  0x000000b0       0x38 ./Sources/main.o
 .debug_ranges  0x000000e8       0x40 ./Project_Settings/Startup_Code/startup.o
 .debug_ranges  0x00000128       0x78 ./Generated_Code/AS1.o
 .debug_ranges  0x000001a0       0x40 ./Generated_Code/ASerialLdd1.o
 .debug_ranges  0x000001e0       0x28 ./Generated_Code/BLDC.o
 .debug_ranges  0x00000208       0x30 ./Generated_Code/Band_DIR.o
 .debug_ranges  0x00000238       0x30 ./Generated_Code/Band_MS1.o
 .debug_ranges  0x00000268       0x30 ./Generated_Code/Band_MS2.o
 .debug_ranges  0x00000298       0x30 ./Generated_Code/Band_MS3.o
 .debug_ranges  0x000002c8       0x30 ./Generated_Code/Band_STEP.o
 .debug_ranges  0x000002f8       0x30 ./Generated_Code/BitIoLdd1.o
 .debug_ranges  0x00000328       0x30 ./Generated_Code/BitIoLdd2.o
 .debug_ranges  0x00000358       0xf8 ./Generated_Code/CLS1.o
 .debug_ranges  0x00000450       0x28 ./Generated_Code/Cpu.o
 .debug_ranges  0x00000478       0x30 ./Generated_Code/DCMotor_DIR.o
 .debug_ranges  0x000004a8       0x38 ./Generated_Code/Lenk_DIR.o
 .debug_ranges  0x000004e0       0x30 ./Generated_Code/Lenk_MS1.o
 .debug_ranges  0x00000510       0x30 ./Generated_Code/Lenk_MS2.o
 .debug_ranges  0x00000540       0x30 ./Generated_Code/Lenk_MS3.o
 .debug_ranges  0x00000570       0x38 ./Generated_Code/Lenk_STEP.o
 .debug_ranges  0x000005a8       0x20 ./Generated_Code/PE_LDD.o
 .debug_ranges  0x000005c8       0x40 ./Generated_Code/PwmLdd1.o
 .debug_ranges  0x00000608       0x30 ./Generated_Code/PwmLdd2.o
 .debug_ranges  0x00000638       0x50 ./Generated_Code/TU1.o
 .debug_ranges  0x00000688       0x38 ./Generated_Code/TU2.o
 .debug_ranges  0x000006c0       0x30 ./Generated_Code/heap_2.o
 .debug_ranges  0x000006f0       0x30 ./Generated_Code/list.o
 .debug_ranges  0x00000720       0x80 ./Generated_Code/port.o
 .debug_ranges  0x000007a0      0x1b0 ./Generated_Code/tasks.o

.debug_macro    0x00000000     0xe846
 .debug_macro   0x00000000      0x3ca ./Sources/Events.o
 .debug_macro   0x000003ca       0x94 ./Sources/Events.o
 .debug_macro   0x0000045e      0x12c ./Sources/Events.o
 .debug_macro   0x0000058a       0x40 ./Sources/Events.o
 .debug_macro   0x000005ca       0x1f ./Sources/Events.o
 .debug_macro   0x000005e9       0x46 ./Sources/Events.o
 .debug_macro   0x0000062f       0x4c ./Sources/Events.o
 .debug_macro   0x0000067b       0x4c ./Sources/Events.o
 .debug_macro   0x000006c7       0x46 ./Sources/Events.o
 .debug_macro   0x0000070d       0x46 ./Sources/Events.o
 .debug_macro   0x00000753       0x46 ./Sources/Events.o
 .debug_macro   0x00000799      0x1dc ./Sources/Events.o
 .debug_macro   0x00000975       0x74 ./Sources/Events.o
 .debug_macro   0x000009e9       0x37 ./Sources/Events.o
 .debug_macro   0x00000a20       0x25 ./Sources/Events.o
 .debug_macro   0x00000a45       0x46 ./Sources/Events.o
 .debug_macro   0x00000a8b       0x46 ./Sources/Events.o
 .debug_macro   0x00000ad1       0x46 ./Sources/Events.o
 .debug_macro   0x00000b17       0x46 ./Sources/Events.o
 .debug_macro   0x00000b5d       0x46 ./Sources/Events.o
 .debug_macro   0x00000ba3       0x46 ./Sources/Events.o
 .debug_macro   0x00000be9       0x58 ./Sources/Events.o
 .debug_macro   0x00000c41       0x35 ./Sources/Events.o
 .debug_macro   0x00000c76       0xa3 ./Sources/Events.o
 .debug_macro   0x00000d19       0x52 ./Sources/Events.o
 .debug_macro   0x00000d6b       0x16 ./Sources/Events.o
 .debug_macro   0x00000d81       0x43 ./Sources/Events.o
 .debug_macro   0x00000dc4      0x180 ./Sources/Events.o
 .debug_macro   0x00000f44      0x2a6 ./Sources/Events.o
 .debug_macro   0x000011ea       0x10 ./Sources/Events.o
 .debug_macro   0x000011fa       0x35 ./Sources/Events.o
 .debug_macro   0x0000122f       0x19 ./Sources/Events.o
 .debug_macro   0x00001248       0xb0 ./Sources/Events.o
 .debug_macro   0x000012f8       0x7f ./Sources/Events.o
 .debug_macro   0x00001377       0x97 ./Sources/Events.o
 .debug_macro   0x0000140e      0x2c0 ./Sources/Events.o
 .debug_macro   0x000016ce       0x8f ./Sources/Events.o
 .debug_macro   0x0000175d       0x47 ./Sources/Events.o
 .debug_macro   0x000017a4       0x65 ./Sources/Events.o
 .debug_macro   0x00001809       0x20 ./Sources/Events.o
 .debug_macro   0x00001829       0x2e ./Sources/Events.o
 .debug_macro   0x00001857       0x98 ./Sources/Events.o
 .debug_macro   0x000018ef      0x3d7 ./Sources/RTOS.o
 .debug_macro   0x00001cc6       0x10 ./Sources/RTOS.o
 .debug_macro   0x00001cd6      0x149 ./Sources/ReadSend.o
 .debug_macro   0x00001e1f      0x18e ./Sources/SchrittmotorLenkung.o
 .debug_macro   0x00001fad       0x46 ./Sources/SchrittmotorLenkung.o
 .debug_macro   0x00001ff3       0x46 ./Sources/SchrittmotorLenkung.o
 .debug_macro   0x00002039      0x409 ./Sources/main.o
 .debug_macro   0x00002442      0x121 ./Project_Settings/Startup_Code/startup.o
 .debug_macro   0x00002563       0x4a ./Project_Settings/Startup_Code/startup.o
 .debug_macro   0x000025ad       0x16 ./Project_Settings/Startup_Code/startup.o
 .debug_macro   0x000025c3       0x22 ./Project_Settings/Startup_Code/startup.o
 .debug_macro   0x000025e5       0x10 ./Project_Settings/Startup_Code/startup.o
 .debug_macro   0x000025f5      0x20f ./Project_Settings/Startup_Code/startup.o
 .debug_macro   0x00002804     0x6685 ./Project_Settings/Startup_Code/startup.o
 .debug_macro   0x00008e89      0x111 ./Generated_Code/AS1.o
 .debug_macro   0x00008f9a       0x5f ./Generated_Code/AS1.o
 .debug_macro   0x00008ff9      0x133 ./Generated_Code/ASerialLdd1.o
 .debug_macro   0x0000912c     0x15e0 ./Generated_Code/ASerialLdd1.o
 .debug_macro   0x0000a70c       0x26 ./Generated_Code/ASerialLdd1.o
 .debug_macro   0x0000a732      0x2fd ./Generated_Code/ASerialLdd1.o
 .debug_macro   0x0000aa2f      0x99c ./Generated_Code/ASerialLdd1.o
 .debug_macro   0x0000b3cb      0x10a ./Generated_Code/BLDC.o
 .debug_macro   0x0000b4d5      0x114 ./Generated_Code/Band_DIR.o
 .debug_macro   0x0000b5e9       0x40 ./Generated_Code/Band_DIR.o
 .debug_macro   0x0000b629      0x114 ./Generated_Code/Band_MS1.o
 .debug_macro   0x0000b73d       0x40 ./Generated_Code/Band_MS1.o
 .debug_macro   0x0000b77d      0x114 ./Generated_Code/Band_MS2.o
 .debug_macro   0x0000b891       0x40 ./Generated_Code/Band_MS2.o
 .debug_macro   0x0000b8d1      0x114 ./Generated_Code/Band_MS3.o
 .debug_macro   0x0000b9e5       0x40 ./Generated_Code/Band_MS3.o
 .debug_macro   0x0000ba25      0x114 ./Generated_Code/Band_STEP.o
 .debug_macro   0x0000bb39      0x114 ./Generated_Code/BitIoLdd1.o
 .debug_macro   0x0000bc4d      0x114 ./Generated_Code/BitIoLdd2.o
 .debug_macro   0x0000bd61      0x20b ./Generated_Code/CLS1.o
 .debug_macro   0x0000bf6c       0x8e ./Generated_Code/CLS1.o
 .debug_macro   0x0000bffa      0x426 ./Generated_Code/Cpu.o
 .debug_macro   0x0000c420       0x4c ./Generated_Code/Cpu.o
 .debug_macro   0x0000c46c       0x7a ./Generated_Code/Cpu.o
 .debug_macro   0x0000c4e6      0x114 ./Generated_Code/DCMotor_DIR.o
 .debug_macro   0x0000c5fa       0x40 ./Generated_Code/DCMotor_DIR.o
 .debug_macro   0x0000c63a      0x114 ./Generated_Code/Lenk_DIR.o
 .debug_macro   0x0000c74e       0x46 ./Generated_Code/Lenk_DIR.o
 .debug_macro   0x0000c794      0x114 ./Generated_Code/Lenk_MS1.o
 .debug_macro   0x0000c8a8       0x40 ./Generated_Code/Lenk_MS1.o
 .debug_macro   0x0000c8e8      0x114 ./Generated_Code/Lenk_MS2.o
 .debug_macro   0x0000c9fc       0x40 ./Generated_Code/Lenk_MS2.o
 .debug_macro   0x0000ca3c      0x114 ./Generated_Code/Lenk_MS3.o
 .debug_macro   0x0000cb50       0x40 ./Generated_Code/Lenk_MS3.o
 .debug_macro   0x0000cb90      0x114 ./Generated_Code/Lenk_STEP.o
 .debug_macro   0x0000cca4      0x37d ./Generated_Code/PE_LDD.o
 .debug_macro   0x0000d021      0x129 ./Generated_Code/PwmLdd1.o
 .debug_macro   0x0000d14a      0x129 ./Generated_Code/PwmLdd2.o
 .debug_macro   0x0000d273      0x122 ./Generated_Code/TU1.o
 .debug_macro   0x0000d395      0x122 ./Generated_Code/TU2.o
 .debug_macro   0x0000d4b7      0x413 ./Generated_Code/Vectors.o
 .debug_macro   0x0000d8ca      0x40a ./Generated_Code/heap_2.o
 .debug_macro   0x0000dcd4      0x155 ./Generated_Code/list.o
 .debug_macro   0x0000de29      0x1ef ./Generated_Code/port.o
 .debug_macro   0x0000e018       0xc8 ./Generated_Code/port.o
 .debug_macro   0x0000e0e0       0x22 ./Generated_Code/port.o
 .debug_macro   0x0000e102      0x4b9 ./Generated_Code/tasks.o
 .debug_macro   0x0000e5bb       0x10 ./Generated_Code/tasks.o
 .debug_macro   0x0000e5cb       0x1c ./Generated_Code/tasks.o
 .debug_macro   0x0000e5e7       0x10 ./Generated_Code/tasks.o
 .debug_macro   0x0000e5f7       0x10 ./Generated_Code/tasks.o
 .debug_macro   0x0000e607       0x22 ./Generated_Code/tasks.o
 .debug_macro   0x0000e629       0xbd ./Generated_Code/tasks.o
 .debug_macro   0x0000e6e6       0x16 ./Generated_Code/tasks.o
 .debug_macro   0x0000e6fc      0x14a ./Generated_Code/tasks.o

.debug_line     0x00000000     0x9ff5
 .debug_line    0x00000000      0x62a ./Sources/Events.o
 .debug_line    0x0000062a      0x64f ./Sources/RTOS.o
 .debug_line    0x00000c79      0x381 ./Sources/ReadSend.o
 .debug_line    0x00000ffa      0x48b ./Sources/SchrittmotorLenkung.o
 .debug_line    0x00001485      0x6bc ./Sources/main.o
 .debug_line    0x00001b41      0x3f7 ./Project_Settings/Startup_Code/startup.o
 .debug_line    0x00001f38      0x419 ./Generated_Code/AS1.o
 .debug_line    0x00002351      0x3f7 ./Generated_Code/ASerialLdd1.o
 .debug_line    0x00002748      0x2bf ./Generated_Code/BLDC.o
 .debug_line    0x00002a07      0x357 ./Generated_Code/Band_DIR.o
 .debug_line    0x00002d5e      0x357 ./Generated_Code/Band_MS1.o
 .debug_line    0x000030b5      0x357 ./Generated_Code/Band_MS2.o
 .debug_line    0x0000340c      0x357 ./Generated_Code/Band_MS3.o
 .debug_line    0x00003763      0x359 ./Generated_Code/Band_STEP.o
 .debug_line    0x00003abc      0x356 ./Generated_Code/BitIoLdd1.o
 .debug_line    0x00003e12      0x357 ./Generated_Code/BitIoLdd2.o
 .debug_line    0x00004169      0x6b3 ./Generated_Code/CLS1.o
 .debug_line    0x0000481c      0x857 ./Generated_Code/Cpu.o
 .debug_line    0x00005073      0x35c ./Generated_Code/DCMotor_DIR.o
 .debug_line    0x000053cf      0x368 ./Generated_Code/Lenk_DIR.o
 .debug_line    0x00005737      0x357 ./Generated_Code/Lenk_MS1.o
 .debug_line    0x00005a8e      0x356 ./Generated_Code/Lenk_MS2.o
 .debug_line    0x00005de4      0x356 ./Generated_Code/Lenk_MS3.o
 .debug_line    0x0000613a      0x36b ./Generated_Code/Lenk_STEP.o
 .debug_line    0x000064a5      0x5eb ./Generated_Code/PE_LDD.o
 .debug_line    0x00006a90      0x3a2 ./Generated_Code/PwmLdd1.o
 .debug_line    0x00006e32      0x375 ./Generated_Code/PwmLdd2.o
 .debug_line    0x000071a7      0x3da ./Generated_Code/TU1.o
 .debug_line    0x00007581      0x3a3 ./Generated_Code/TU2.o
 .debug_line    0x00007924      0x7d6 ./Generated_Code/Vectors.o
 .debug_line    0x000080fa      0x707 ./Generated_Code/heap_2.o
 .debug_line    0x00008801      0x30c ./Generated_Code/list.o
 .debug_line    0x00008b0d      0x3f6 ./Generated_Code/port.o
 .debug_line    0x00008f03     0x10f2 ./Generated_Code/tasks.o

.debug_str      0x00000000    0x4a62c
 .debug_str     0x00000000    0x3ae0e ./Sources/Events.o
                              0x3b29d (size before relaxing)
 .debug_str     0x0003ae0e       0xe3 ./Sources/RTOS.o
                              0x3b301 (size before relaxing)
 .debug_str     0x0003aef1       0xe3 ./Sources/ReadSend.o
                              0x2f211 (size before relaxing)
 .debug_str     0x0003afd4       0xe6 ./Sources/SchrittmotorLenkung.o
                              0x31af7 (size before relaxing)
 .debug_str     0x0003b0ba       0x9d ./Sources/main.o
                              0x3b331 (size before relaxing)
 .debug_str     0x0003b157      0x1ed ./Project_Settings/Startup_Code/startup.o
                              0x2731d (size before relaxing)
 .debug_str     0x0003b344      0x30d ./Generated_Code/AS1.o
                              0x2c225 (size before relaxing)
 .debug_str     0x0003b651     0xac1c ./Generated_Code/ASerialLdd1.o
                              0x3b04a (size before relaxing)
 .debug_str     0x0004626d      0x202 ./Generated_Code/BLDC.o
                              0x2e30d (size before relaxing)
 .debug_str     0x0004646f       0xe1 ./Generated_Code/Band_DIR.o
                              0x30cad (size before relaxing)
 .debug_str     0x00046550       0x98 ./Generated_Code/Band_MS1.o
                              0x30cad (size before relaxing)
 .debug_str     0x000465e8       0x98 ./Generated_Code/Band_MS2.o
                              0x30cad (size before relaxing)
 .debug_str     0x00046680       0x98 ./Generated_Code/Band_MS3.o
                              0x30cad (size before relaxing)
 .debug_str     0x00046718       0xa0 ./Generated_Code/Band_STEP.o
                              0x30cc1 (size before relaxing)
 .debug_str     0x000467b8       0xa0 ./Generated_Code/BitIoLdd1.o
                              0x30cc7 (size before relaxing)
 .debug_str     0x00046858       0xa0 ./Generated_Code/BitIoLdd2.o
                              0x30cc1 (size before relaxing)
 .debug_str     0x000468f8      0x7c6 ./Generated_Code/CLS1.o
                              0x3317a (size before relaxing)
 .debug_str     0x000470be      0x19c ./Generated_Code/Cpu.o
                              0x3b519 (size before relaxing)
 .debug_str     0x0004725a       0xb0 ./Generated_Code/DCMotor_DIR.o
                              0x30cef (size before relaxing)
 .debug_str     0x0004730a       0xa8 ./Generated_Code/Lenk_DIR.o
                              0x30cdf (size before relaxing)
 .debug_str     0x000473b2       0x98 ./Generated_Code/Lenk_MS1.o
                              0x30cad (size before relaxing)
 .debug_str     0x0004744a       0x98 ./Generated_Code/Lenk_MS2.o
                              0x30caf (size before relaxing)
 .debug_str     0x000474e2       0x98 ./Generated_Code/Lenk_MS3.o
                              0x30caf (size before relaxing)
 .debug_str     0x0004757a       0xb1 ./Generated_Code/Lenk_STEP.o
                              0x30cf3 (size before relaxing)
 .debug_str     0x0004762b      0x177 ./Generated_Code/PE_LDD.o
                              0x3b3a7 (size before relaxing)
 .debug_str     0x000477a2       0xe9 ./Generated_Code/PwmLdd1.o
                              0x32025 (size before relaxing)
 .debug_str     0x0004788b       0x73 ./Generated_Code/PwmLdd2.o
                              0x31f7d (size before relaxing)
 .debug_str     0x000478fe      0x1f1 ./Generated_Code/TU1.o
                              0x320b4 (size before relaxing)
 .debug_str     0x00047aef       0xec ./Generated_Code/TU2.o
                              0x3202b (size before relaxing)
 .debug_str     0x00047bdb       0x1c ./Generated_Code/Vectors.o
                              0x3b245 (size before relaxing)
 .debug_str     0x00047bf7      0x39e ./Generated_Code/heap_2.o
                              0x3b651 (size before relaxing)
 .debug_str     0x00047f95      0x124 ./Generated_Code/list.o
                               0xe999 (size before relaxing)
 .debug_str     0x000480b9      0x9f4 ./Generated_Code/port.o
                              0x3064e (size before relaxing)
 .debug_str     0x00048aad     0x1b7f ./Generated_Code/tasks.o
                              0x3d008 (size before relaxing)

.comment        0x00000000       0x70
 .comment       0x00000000       0x70 ./Sources/Events.o
                                 0x71 (size before relaxing)
 .comment       0x00000000       0x71 ./Sources/RTOS.o
 .comment       0x00000000       0x71 ./Sources/ReadSend.o
 .comment       0x00000000       0x71 ./Sources/SchrittmotorLenkung.o
 .comment       0x00000000       0x71 ./Sources/main.o
 .comment       0x00000000       0x71 ./Project_Settings/Startup_Code/startup.o
 .comment       0x00000000       0x71 ./Generated_Code/AS1.o
 .comment       0x00000000       0x71 ./Generated_Code/ASerialLdd1.o
 .comment       0x00000000       0x71 ./Generated_Code/BLDC.o
 .comment       0x00000000       0x71 ./Generated_Code/Band_DIR.o
 .comment       0x00000000       0x71 ./Generated_Code/Band_MS1.o
 .comment       0x00000000       0x71 ./Generated_Code/Band_MS2.o
 .comment       0x00000000       0x71 ./Generated_Code/Band_MS3.o
 .comment       0x00000000       0x71 ./Generated_Code/Band_STEP.o
 .comment       0x00000000       0x71 ./Generated_Code/BitIoLdd1.o
 .comment       0x00000000       0x71 ./Generated_Code/BitIoLdd2.o
 .comment       0x00000000       0x71 ./Generated_Code/CLS1.o
 .comment       0x00000000       0x71 ./Generated_Code/Cpu.o
 .comment       0x00000000       0x71 ./Generated_Code/DCMotor_DIR.o
 .comment       0x00000000       0x71 ./Generated_Code/Lenk_DIR.o
 .comment       0x00000000       0x71 ./Generated_Code/Lenk_MS1.o
 .comment       0x00000000       0x71 ./Generated_Code/Lenk_MS2.o
 .comment       0x00000000       0x71 ./Generated_Code/Lenk_MS3.o
 .comment       0x00000000       0x71 ./Generated_Code/Lenk_STEP.o
 .comment       0x00000000       0x71 ./Generated_Code/PE_LDD.o
 .comment       0x00000000       0x71 ./Generated_Code/PwmLdd1.o
 .comment       0x00000000       0x71 ./Generated_Code/PwmLdd2.o
 .comment       0x00000000       0x71 ./Generated_Code/TU1.o
 .comment       0x00000000       0x71 ./Generated_Code/TU2.o
 .comment       0x00000000       0x71 ./Generated_Code/Vectors.o
 .comment       0x00000000       0x71 ./Generated_Code/heap_2.o
 .comment       0x00000000       0x71 ./Generated_Code/list.o
 .comment       0x00000000       0x71 ./Generated_Code/port.o
 .comment       0x00000000       0x71 ./Generated_Code/tasks.o

.debug_frame    0x00000000     0x2504
 .debug_frame   0x00000000       0xa0 ./Sources/Events.o
 .debug_frame   0x000000a0       0xc8 ./Sources/RTOS.o
 .debug_frame   0x00000168       0x68 ./Sources/ReadSend.o
 .debug_frame   0x000001d0       0x8c ./Sources/SchrittmotorLenkung.o
 .debug_frame   0x0000025c       0xc8 ./Sources/main.o
 .debug_frame   0x00000324       0xd0 ./Project_Settings/Startup_Code/startup.o
 .debug_frame   0x000003f4      0x1c4 ./Generated_Code/AS1.o
 .debug_frame   0x000005b8       0xf8 ./Generated_Code/ASerialLdd1.o
 .debug_frame   0x000006b0       0x8c ./Generated_Code/BLDC.o
 .debug_frame   0x0000073c       0xb0 ./Generated_Code/Band_DIR.o
 .debug_frame   0x000007ec       0xb0 ./Generated_Code/Band_MS1.o
 .debug_frame   0x0000089c       0xb0 ./Generated_Code/Band_MS2.o
 .debug_frame   0x0000094c       0xb0 ./Generated_Code/Band_MS3.o
 .debug_frame   0x000009fc       0xb0 ./Generated_Code/Band_STEP.o
 .debug_frame   0x00000aac       0xb0 ./Generated_Code/BitIoLdd1.o
 .debug_frame   0x00000b5c       0xb0 ./Generated_Code/BitIoLdd2.o
 .debug_frame   0x00000c0c      0x3b8 ./Generated_Code/CLS1.o
 .debug_frame   0x00000fc4       0x80 ./Generated_Code/Cpu.o
 .debug_frame   0x00001044       0xb0 ./Generated_Code/DCMotor_DIR.o
 .debug_frame   0x000010f4       0xd0 ./Generated_Code/Lenk_DIR.o
 .debug_frame   0x000011c4       0xb0 ./Generated_Code/Lenk_MS1.o
 .debug_frame   0x00001274       0xb0 ./Generated_Code/Lenk_MS2.o
 .debug_frame   0x00001324       0xb0 ./Generated_Code/Lenk_MS3.o
 .debug_frame   0x000013d4       0xd0 ./Generated_Code/Lenk_STEP.o
 .debug_frame   0x000014a4       0x6c ./Generated_Code/PE_LDD.o
 .debug_frame   0x00001510       0xf0 ./Generated_Code/PwmLdd1.o
 .debug_frame   0x00001600       0xb0 ./Generated_Code/PwmLdd2.o
 .debug_frame   0x000016b0      0x130 ./Generated_Code/TU1.o
 .debug_frame   0x000017e0       0xd0 ./Generated_Code/TU2.o
 .debug_frame   0x000018b0       0xa8 ./Generated_Code/heap_2.o
 .debug_frame   0x00001958       0xb0 ./Generated_Code/list.o
 .debug_frame   0x00001a08      0x1a4 ./Generated_Code/port.o
 .debug_frame   0x00001bac      0x6a0 ./Generated_Code/tasks.o
 .debug_frame   0x0000224c       0x20 c:/freescale/kds_3.0.0/toolchain/bin/../lib/gcc/arm-none-eabi/4.8.4/armv6-m\libgcc.a(_udivsi3.o)
 .debug_frame   0x0000226c       0x28 c:/freescale/kds_3.0.0/toolchain/bin/../lib/gcc/arm-none-eabi/4.8.4/armv6-m\libgcc.a(_fixunssfsi.o)
 .debug_frame   0x00002294       0x2c c:/freescale/kds_3.0.0/toolchain/bin/../lib/gcc/arm-none-eabi/4.8.4/armv6-m\libgcc.a(eqsf2.o)
 .debug_frame   0x000022c0       0x30 c:/freescale/kds_3.0.0/toolchain/bin/../lib/gcc/arm-none-eabi/4.8.4/armv6-m\libgcc.a(gesf2.o)
 .debug_frame   0x000022f0       0x30 c:/freescale/kds_3.0.0/toolchain/bin/../lib/gcc/arm-none-eabi/4.8.4/armv6-m\libgcc.a(lesf2.o)
 .debug_frame   0x00002320       0x3c c:/freescale/kds_3.0.0/toolchain/bin/../lib/gcc/arm-none-eabi/4.8.4/armv6-m\libgcc.a(mulsf3.o)
 .debug_frame   0x0000235c       0x30 c:/freescale/kds_3.0.0/toolchain/bin/../lib/gcc/arm-none-eabi/4.8.4/armv6-m\libgcc.a(subsf3.o)
 .debug_frame   0x0000238c       0x20 c:/freescale/kds_3.0.0/toolchain/bin/../lib/gcc/arm-none-eabi/4.8.4/armv6-m\libgcc.a(fixsfsi.o)
 .debug_frame   0x000023ac       0x2c c:/freescale/kds_3.0.0/toolchain/bin/../lib/gcc/arm-none-eabi/4.8.4/armv6-m\libgcc.a(floatsisf.o)
 .debug_frame   0x000023d8       0x3c c:/freescale/kds_3.0.0/toolchain/bin/../lib/gcc/arm-none-eabi/4.8.4/armv6-m\libgcc.a(divdf3.o)
 .debug_frame   0x00002414       0x2c c:/freescale/kds_3.0.0/toolchain/bin/../lib/gcc/arm-none-eabi/4.8.4/armv6-m\libgcc.a(fixdfsi.o)
 .debug_frame   0x00002440       0x30 c:/freescale/kds_3.0.0/toolchain/bin/../lib/gcc/arm-none-eabi/4.8.4/armv6-m\libgcc.a(floatsidf.o)
 .debug_frame   0x00002470       0x28 c:/freescale/kds_3.0.0/toolchain/bin/../lib/gcc/arm-none-eabi/4.8.4/../../../../arm-none-eabi/lib/armv6-m\libg_s.a(lib_a-exit.o)
 .debug_frame   0x00002498       0x2c c:/freescale/kds_3.0.0/toolchain/bin/../lib/gcc/arm-none-eabi/4.8.4/../../../../arm-none-eabi/lib/armv6-m\libg_s.a(lib_a-init.o)
 .debug_frame   0x000024c4       0x20 c:/freescale/kds_3.0.0/toolchain/bin/../lib/gcc/arm-none-eabi/4.8.4/../../../../arm-none-eabi/lib/armv6-m\libg_s.a(lib_a-memset.o)
 .debug_frame   0x000024e4       0x20 c:/freescale/kds_3.0.0/toolchain/bin/../lib/gcc/arm-none-eabi/4.8.4/../../../../arm-none-eabi/lib/armv6-m\libnosys.a(_exit.o)
