Archive member included because of file (symbol)

c:/freescale/kds_3.0.0/toolchain/bin/../lib/gcc/arm-none-eabi/4.8.4/armv6-m\libgcc.a(_udivsi3.o)
                              ./Generated_Code/BLDC.o (__aeabi_uidiv)
c:/freescale/kds_3.0.0/toolchain/bin/../lib/gcc/arm-none-eabi/4.8.4/armv6-m\libgcc.a(_divsi3.o)
                              ./Generated_Code/UTIL1.o (__aeabi_idiv)
c:/freescale/kds_3.0.0/toolchain/bin/../lib/gcc/arm-none-eabi/4.8.4/armv6-m\libgcc.a(_dvmd_tls.o)
                              c:/freescale/kds_3.0.0/toolchain/bin/../lib/gcc/arm-none-eabi/4.8.4/armv6-m\libgcc.a(_udivsi3.o) (__aeabi_idiv0)
c:/freescale/kds_3.0.0/toolchain/bin/../lib/gcc/arm-none-eabi/4.8.4/armv6-m\libgcc.a(_arm_cmpsf2.o)
                              ./Generated_Code/PwmLdd1.o (__aeabi_fcmpgt)
c:/freescale/kds_3.0.0/toolchain/bin/../lib/gcc/arm-none-eabi/4.8.4/armv6-m\libgcc.a(_fixunssfsi.o)
                              ./Generated_Code/PwmLdd1.o (__aeabi_f2uiz)
c:/freescale/kds_3.0.0/toolchain/bin/../lib/gcc/arm-none-eabi/4.8.4/armv6-m\libgcc.a(eqsf2.o)
                              c:/freescale/kds_3.0.0/toolchain/bin/../lib/gcc/arm-none-eabi/4.8.4/armv6-m\libgcc.a(_arm_cmpsf2.o) (__eqsf2)
c:/freescale/kds_3.0.0/toolchain/bin/../lib/gcc/arm-none-eabi/4.8.4/armv6-m\libgcc.a(gesf2.o)
                              c:/freescale/kds_3.0.0/toolchain/bin/../lib/gcc/arm-none-eabi/4.8.4/armv6-m\libgcc.a(_arm_cmpsf2.o) (__gesf2)
c:/freescale/kds_3.0.0/toolchain/bin/../lib/gcc/arm-none-eabi/4.8.4/armv6-m\libgcc.a(lesf2.o)
                              c:/freescale/kds_3.0.0/toolchain/bin/../lib/gcc/arm-none-eabi/4.8.4/armv6-m\libgcc.a(_arm_cmpsf2.o) (__lesf2)
c:/freescale/kds_3.0.0/toolchain/bin/../lib/gcc/arm-none-eabi/4.8.4/armv6-m\libgcc.a(mulsf3.o)
                              ./Generated_Code/PwmLdd1.o (__aeabi_fmul)
c:/freescale/kds_3.0.0/toolchain/bin/../lib/gcc/arm-none-eabi/4.8.4/armv6-m\libgcc.a(subsf3.o)
                              c:/freescale/kds_3.0.0/toolchain/bin/../lib/gcc/arm-none-eabi/4.8.4/armv6-m\libgcc.a(_fixunssfsi.o) (__aeabi_fsub)
c:/freescale/kds_3.0.0/toolchain/bin/../lib/gcc/arm-none-eabi/4.8.4/armv6-m\libgcc.a(fixsfsi.o)
                              c:/freescale/kds_3.0.0/toolchain/bin/../lib/gcc/arm-none-eabi/4.8.4/armv6-m\libgcc.a(_fixunssfsi.o) (__aeabi_f2iz)
c:/freescale/kds_3.0.0/toolchain/bin/../lib/gcc/arm-none-eabi/4.8.4/armv6-m\libgcc.a(floatsisf.o)
                              ./Generated_Code/PwmLdd1.o (__aeabi_i2f)
c:/freescale/kds_3.0.0/toolchain/bin/../lib/gcc/arm-none-eabi/4.8.4/armv6-m\libgcc.a(divdf3.o)
                              ./Sources/SchrittmotorLenkung.o (__aeabi_ddiv)
c:/freescale/kds_3.0.0/toolchain/bin/../lib/gcc/arm-none-eabi/4.8.4/armv6-m\libgcc.a(fixdfsi.o)
                              ./Sources/SchrittmotorLenkung.o (__aeabi_d2iz)
c:/freescale/kds_3.0.0/toolchain/bin/../lib/gcc/arm-none-eabi/4.8.4/armv6-m\libgcc.a(floatsidf.o)
                              ./Sources/SchrittmotorLenkung.o (__aeabi_i2d)
c:/freescale/kds_3.0.0/toolchain/bin/../lib/gcc/arm-none-eabi/4.8.4/armv6-m\libgcc.a(_clzsi2.o)
                              c:/freescale/kds_3.0.0/toolchain/bin/../lib/gcc/arm-none-eabi/4.8.4/armv6-m\libgcc.a(mulsf3.o) (__clzsi2)
c:/freescale/kds_3.0.0/toolchain/bin/../lib/gcc/arm-none-eabi/4.8.4/../../../../arm-none-eabi/lib/armv6-m\libg_s.a(lib_a-exit.o)
                              c:/freescale/kds_3.0.0/toolchain/bin/../lib/gcc/arm-none-eabi/4.8.4/../../../../arm-none-eabi/lib/armv6-m/crt0.o (exit)
c:/freescale/kds_3.0.0/toolchain/bin/../lib/gcc/arm-none-eabi/4.8.4/../../../../arm-none-eabi/lib/armv6-m\libg_s.a(lib_a-impure.o)
                              c:/freescale/kds_3.0.0/toolchain/bin/../lib/gcc/arm-none-eabi/4.8.4/../../../../arm-none-eabi/lib/armv6-m\libg_s.a(lib_a-exit.o) (_global_impure_ptr)
c:/freescale/kds_3.0.0/toolchain/bin/../lib/gcc/arm-none-eabi/4.8.4/../../../../arm-none-eabi/lib/armv6-m\libg_s.a(lib_a-init.o)
                              c:/freescale/kds_3.0.0/toolchain/bin/../lib/gcc/arm-none-eabi/4.8.4/../../../../arm-none-eabi/lib/armv6-m/crt0.o (__libc_init_array)
c:/freescale/kds_3.0.0/toolchain/bin/../lib/gcc/arm-none-eabi/4.8.4/../../../../arm-none-eabi/lib/armv6-m\libg_s.a(lib_a-memcpy-stub.o)
                              ./Generated_Code/queue.o (memcpy)
c:/freescale/kds_3.0.0/toolchain/bin/../lib/gcc/arm-none-eabi/4.8.4/../../../../arm-none-eabi/lib/armv6-m\libg_s.a(lib_a-memset.o)
                              c:/freescale/kds_3.0.0/toolchain/bin/../lib/gcc/arm-none-eabi/4.8.4/../../../../arm-none-eabi/lib/armv6-m/crt0.o (memset)
c:/freescale/kds_3.0.0/toolchain/bin/../lib/gcc/arm-none-eabi/4.8.4/../../../../arm-none-eabi/lib/armv6-m\libg_s.a(lib_a-strchr.o)
                              ./Generated_Code/UTIL1.o (strchr)
c:/freescale/kds_3.0.0/toolchain/bin/../lib/gcc/arm-none-eabi/4.8.4/../../../../arm-none-eabi/lib/armv6-m\libg_s.a(lib_a-strcmp.o)
                              ./Generated_Code/CLS1.o (strcmp)
[...]
Memory Configuration

Name             Origin             Length             Attributes
m_interrupts     0x00000000         0x000000c0         xr
m_text           0x00000410         0x0001fbf0         xr
m_data           0x1ffff000         0x00004000         rw
m_cfmprotrom     0x00000400         0x00000010         xr
*default*        0x00000000         0xffffffff

Linker script and memory map

LOAD c:/freescale/kds_3.0.0/toolchain/bin/../lib/gcc/arm-none-eabi/4.8.4/armv6-m/crti.o
LOAD c:/freescale/kds_3.0.0/toolchain/bin/../lib/gcc/arm-none-eabi/4.8.4/armv6-m/crtbegin.o
LOAD c:/freescale/kds_3.0.0/toolchain/bin/../lib/gcc/arm-none-eabi/4.8.4/../../../../arm-none-eabi/lib/armv6-m/crt0.o
LOAD ./Sources/BrushlessMotor.o
LOAD ./Sources/Events.o
LOAD ./Sources/GreiferMotor.o
LOAD ./Sources/RTOS.o
LOAD ./Sources/SchrittmotorFoerderband.o
LOAD ./Sources/SchrittmotorLenkung.o
LOAD ./Sources/main.o
LOAD ./Project_Settings/Startup_Code/startup.o
LOAD ./Generated_Code/AS1.o
LOAD ./Generated_Code/ASerialLdd1.o
LOAD ./Generated_Code/BLDC.o
LOAD ./Generated_Code/BitIoLdd1.o
LOAD ./Generated_Code/BitIoLdd2.o
LOAD ./Generated_Code/CLS1.o
LOAD ./Generated_Code/CS1.o
LOAD ./Generated_Code/Cpu.o
LOAD ./Generated_Code/DCMotor.o
LOAD ./Generated_Code/FRTOS1.o
LOAD ./Generated_Code/KSDK1.o
LOAD ./Generated_Code/LED_BLUE.o
LOAD ./Generated_Code/LED_GREEN.o
LOAD ./Generated_Code/LEDpin1.o
LOAD ./Generated_Code/LEDpin2.o
LOAD ./Generated_Code/Lenk_DIR.o
LOAD ./Generated_Code/Lenk_MS1.o
LOAD ./Generated_Code/Lenk_MS2.o
LOAD ./Generated_Code/Lenk_MS3.o
LOAD ./Generated_Code/Lenk_STEP.o
LOAD ./Generated_Code/PE_LDD.o
LOAD ./Generated_Code/Pwm1.o
LOAD ./Generated_Code/PwmLdd1.o
LOAD ./Generated_Code/PwmLdd2.o
LOAD ./Generated_Code/TU1.o
LOAD ./Generated_Code/TU2.o
LOAD ./Generated_Code/UTIL1.o
LOAD ./Generated_Code/Vectors.o
LOAD ./Generated_Code/WAIT1.o
LOAD ./Generated_Code/croutine.o
LOAD ./Generated_Code/event_groups.o
LOAD ./Generated_Code/heap_1.o
LOAD ./Generated_Code/heap_2.o
LOAD ./Generated_Code/heap_3.o
LOAD ./Generated_Code/heap_4.o
LOAD ./Generated_Code/heap_5.o
LOAD ./Generated_Code/list.o
LOAD ./Generated_Code/port.o
LOAD ./Generated_Code/queue.o
LOAD ./Generated_Code/tasks.o
LOAD ./Generated_Code/timers.o
LOAD c:/freescale/kds_3.0.0/toolchain/bin/../lib/gcc/arm-none-eabi/4.8.4/../../../../arm-none-eabi/lib/armv6-m\libstdc++_s.a
LOAD c:/freescale/kds_3.0.0/toolchain/bin/../lib/gcc/arm-none-eabi/4.8.4/../../../../arm-none-eabi/lib/armv6-m\libm.a
START GROUP
LOAD c:/freescale/kds_3.0.0/toolchain/bin/../lib/gcc/arm-none-eabi/4.8.4/armv6-m\libgcc.a
LOAD c:/freescale/kds_3.0.0/toolchain/bin/../lib/gcc/arm-none-eabi/4.8.4/../../../../arm-none-eabi/lib/armv6-m\libg_s.a
LOAD c:/freescale/kds_3.0.0/toolchain/bin/../lib/gcc/arm-none-eabi/4.8.4/../../../../arm-none-eabi/lib/armv6-m\libc_s.a
END GROUP
START GROUP
LOAD c:/freescale/kds_3.0.0/toolchain/bin/../lib/gcc/arm-none-eabi/4.8.4/armv6-m\libgcc.a
LOAD c:/freescale/kds_3.0.0/toolchain/bin/../lib/gcc/arm-none-eabi/4.8.4/../../../../arm-none-eabi/lib/armv6-m\libc_s.a
LOAD c:/freescale/kds_3.0.0/toolchain/bin/../lib/gcc/arm-none-eabi/4.8.4/../../../../arm-none-eabi/lib/armv6-m\libnosys.a
END GROUP
START GROUP
LOAD c:/freescale/kds_3.0.0/toolchain/bin/../lib/gcc/arm-none-eabi/4.8.4/armv6-m\libgcc.a
LOAD c:/freescale/kds_3.0.0/toolchain/bin/../lib/gcc/arm-none-eabi/4.8.4/../../../../arm-none-eabi/lib/armv6-m\libc_s.a
LOAD c:/freescale/kds_3.0.0/toolchain/bin/../lib/gcc/arm-none-eabi/4.8.4/../../../../arm-none-eabi/lib/armv6-m\libnosys.a
END GROUP
LOAD c:/freescale/kds_3.0.0/toolchain/bin/../lib/gcc/arm-none-eabi/4.8.4/armv6-m/crtend.o
LOAD c:/freescale/kds_3.0.0/toolchain/bin/../lib/gcc/arm-none-eabi/4.8.4/armv6-m/crtn.o
                0x20003000                _estack = 0x20003000
                0x20003000                __SP_INIT = _estack
                0x20003000                __stack = _estack
                0x00000000                __heap_size = 0x0
                0x00000400                __stack_size = 0x400

.interrupts     0x00000000       0xc0
                0x00000000                __vector_table = .
                0x00000000                . = ALIGN (0x4)
 *(.vectortable)
 .vectortable   0x00000000       0xc0 ./Generated_Code/Vectors.o
                0x00000000                __vect_table
                0x000000c0                . = ALIGN (0x4)

.cfmprotect     0x00000400       0x10
                0x00000400                . = ALIGN (0x4)
 *(.cfmconfig)
 .cfmconfig     0x00000400       0x10 ./Generated_Code/Cpu.o
                0x00000400                _cfm
                0x00000410                . = ALIGN (0x4)

.text           0x00000410     0x2c8c
                0x00000410                . = ALIGN (0x4)
 *(.text)
 .text          0x00000410       0x60 c:/freescale/kds_3.0.0/toolchain/bin/../lib/gcc/arm-none-eabi/4.8.4/armv6-m/crtbegin.o
 .text          0x00000470       0x78 c:/freescale/kds_3.0.0/toolchain/bin/../lib/gcc/arm-none-eabi/4.8.4/../../../../arm-none-eabi/lib/armv6-m/crt0.o
                0x00000470                _start
                0x00000470                _mainCRTStartup
 .text          0x000004e8       0x74 c:/freescale/kds_3.0.0/toolchain/bin/../lib/gcc/arm-none-eabi/4.8.4/armv6-m\libgcc.a(_arm_cmpsf2.o)
                0x000004e8                __aeabi_cfrcmple
                0x000004f0                __aeabi_cfcmpeq
                0x000004f0                __aeabi_cfcmple
                0x00000500                __aeabi_fcmpeq
                0x0000050c                __aeabi_fcmplt
                0x00000520                __aeabi_fcmple
                0x00000534                __aeabi_fcmpgt
                0x00000548                __aeabi_fcmpge
 .text          0x0000055c       0x30 c:/freescale/kds_3.0.0/toolchain/bin/../lib/gcc/arm-none-eabi/4.8.4/armv6-m\libgcc.a(_fixunssfsi.o)
                0x0000055c                __fixunssfsi
                0x0000055c                __aeabi_f2uiz
 .text          0x0000058c       0x54 c:/freescale/kds_3.0.0/toolchain/bin/../lib/gcc/arm-none-eabi/4.8.4/armv6-m\libgcc.a(eqsf2.o)
                0x0000058c                __eqsf2
                0x0000058c                __nesf2
 .text          0x000005e0       0x90 c:/freescale/kds_3.0.0/toolchain/bin/../lib/gcc/arm-none-eabi/4.8.4/armv6-m\libgcc.a(gesf2.o)
                0x000005e0                __gesf2
                0x000005e0                __gtsf2
 .text          0x00000670       0x98 c:/freescale/kds_3.0.0/toolchain/bin/../lib/gcc/arm-none-eabi/4.8.4/armv6-m\libgcc.a(lesf2.o)
                0x00000670                __ltsf2
                0x00000670                __lesf2
 .text          0x00000708      0x254 c:/freescale/kds_3.0.0/toolchain/bin/../lib/gcc/arm-none-eabi/4.8.4/armv6-m\libgcc.a(mulsf3.o)
                0x00000708                __aeabi_fmul
 .text          0x0000095c      0x2ec c:/freescale/kds_3.0.0/toolchain/bin/../lib/gcc/arm-none-eabi/4.8.4/armv6-m\libgcc.a(subsf3.o)
                0x0000095c                __aeabi_fsub
 .text          0x00000c48       0x40 c:/freescale/kds_3.0.0/toolchain/bin/../lib/gcc/arm-none-eabi/4.8.4/armv6-m\libgcc.a(fixsfsi.o)
                0x00000c48                __aeabi_f2iz
 .text          0x00000c88       0xb8 c:/freescale/kds_3.0.0/toolchain/bin/../lib/gcc/arm-none-eabi/4.8.4/armv6-m\libgcc.a(floatsisf.o)
                0x00000c88                __aeabi_i2f
 .text          0x00000d40       0x3c c:/freescale/kds_3.0.0/toolchain/bin/../lib/gcc/arm-none-eabi/4.8.4/armv6-m\libgcc.a(_clzsi2.o)
                0x00000d40                __clzsi2
 *(.text*)
 .text.Cpu_OnNMIINT
                0x00000d7c        0x8 ./Sources/Events.o
                0x00000d7c                Cpu_OnNMIINT
 .text.FRTOS1_vApplicationStackOverflowHook
                0x00000d84       0x10 ./Sources/Events.o
                0x00000d84                FRTOS1_vApplicationStackOverflowHook
 .text.FRTOS1_vApplicationTickHook
                0x00000d94        0x8 ./Sources/Events.o
                0x00000d94                FRTOS1_vApplicationTickHook
 .text.FRTOS1_vApplicationIdleHook
                0x00000d9c        0x8 ./Sources/Events.o
                0x00000d9c                FRTOS1_vApplicationIdleHook
 .text.FRTOS1_vApplicationMallocFailedHook
                0x00000da4        0x8 ./Sources/Events.o
                0x00000da4                FRTOS1_vApplicationMallocFailedHook
 .text.RTOS_AddTask
                0x00000dac       0x38 ./Sources/RTOS.o
                0x00000dac                RTOS_AddTask
 .text.RTOS_Init
                0x00000de4        0xc ./Sources/RTOS.o
                0x00000de4                RTOS_Init
 .text.taskLenkung
                0x00000df0        0xc ./Sources/main.o
                0x00000df0                taskLenkung
 .text.taskRxTx
                0x00000dfc       0x78 ./Sources/main.o
                0x00000dfc                taskRxTx
 .text.initRTOS
                0x00000e74       0x34 ./Sources/main.o
                0x00000e74                initRTOS
 .text.main     0x00000ea8       0x10 ./Sources/main.o
                0x00000ea8                main
 .text.__copy_rom_section
                0x00000eb8       0xd8 ./Project_Settings/Startup_Code/startup.o
                0x00000eb8                __copy_rom_section
 .text.__copy_rom_sections_to_ram
                0x00000f90       0x98 ./Project_Settings/Startup_Code/startup.o
                0x00000f90                __copy_rom_sections_to_ram
 .text.__init_registers
                0x00001028        0x8 ./Project_Settings/Startup_Code/startup.o
                0x00001028                __init_registers
 .text.__init_user
                0x00001030        0x8 ./Project_Settings/Startup_Code/startup.o
                0x00001030                __init_user
 .text.__thumb_startup
                0x00001038       0x30 ./Project_Settings/Startup_Code/startup.o
                0x00001038                __thumb_startup
 .text.HWEnDi   0x00001068       0x20 ./Generated_Code/AS1.o
 .text.AS1_RecvChar
                0x00001088       0xe8 ./Generated_Code/AS1.o
                0x00001088                AS1_RecvChar
 .text.AS1_Init
                0x00001170       0x64 ./Generated_Code/AS1.o
                0x00001170                AS1_Init
 .text.ASerialLdd1_OnBlockReceived
                0x000011d4       0x7c ./Generated_Code/AS1.o
                0x000011d4                ASerialLdd1_OnBlockReceived
 .text.ASerialLdd1_OnBlockSent
                0x00001250       0x88 ./Generated_Code/AS1.o
                0x00001250                ASerialLdd1_OnBlockSent
 .text.ASerialLdd1_OnError
                0x000012d8       0x90 ./Generated_Code/AS1.o
                0x000012d8                ASerialLdd1_OnError
 .text.ASerialLdd1_OnBreak
                0x00001368       0x20 ./Generated_Code/AS1.o
                0x00001368                ASerialLdd1_OnBreak
 .text.ASerialLdd1_Init
                0x00001388      0x1bc ./Generated_Code/ASerialLdd1.o
                0x00001388                ASerialLdd1_Init
 .text.ASerialLdd1_ReceiveBlock
                0x00001544       0x50 ./Generated_Code/ASerialLdd1.o
                0x00001544                ASerialLdd1_ReceiveBlock
 .text.ASerialLdd1_SendBlock
                0x00001594       0x80 ./Generated_Code/ASerialLdd1.o
                0x00001594                ASerialLdd1_SendBlock
 .text.InterruptRx
                0x00001614       0x58 ./Generated_Code/ASerialLdd1.o
 .text.InterruptTx
                0x0000166c       0x80 ./Generated_Code/ASerialLdd1.o
 .text.ASerialLdd1_Interrupt
                0x000016ec       0xec ./Generated_Code/ASerialLdd1.o
                0x000016ec                ASerialLdd1_Interrupt
 .text.ASerialLdd1_GetError
                0x000017d8       0x30 ./Generated_Code/ASerialLdd1.o
                0x000017d8                ASerialLdd1_GetError
 .text.BLDC_SetPWMDutyUs
                0x00001808       0x3c ./Generated_Code/BLDC.o
                0x00001808                BLDC_SetPWMDutyUs
 .text.BLDC_Init
                0x00001844       0x14 ./Generated_Code/BLDC.o
                0x00001844                BLDC_Init
 .text.BitIoLdd1_Init
                0x00001858       0x68 ./Generated_Code/BitIoLdd1.o
                0x00001858                BitIoLdd1_Init
 .text.BitIoLdd1_SetVal
                0x000018c0       0x1c ./Generated_Code/BitIoLdd1.o
                0x000018c0                BitIoLdd1_SetVal
 .text.BitIoLdd1_NegVal
                0x000018dc       0x1c ./Generated_Code/BitIoLdd1.o
                0x000018dc                BitIoLdd1_NegVal
 .text.BitIoLdd2_Init
                0x000018f8       0x60 ./Generated_Code/BitIoLdd2.o
                0x000018f8                BitIoLdd2_Init
 .text.BitIoLdd2_SetVal
                0x00001958       0x18 ./Generated_Code/BitIoLdd2.o
                0x00001958                BitIoLdd2_SetVal
 .text.BitIoLdd2_NegVal
                0x00001970       0x18 ./Generated_Code/BitIoLdd2.o
                0x00001970                BitIoLdd2_NegVal
 .text.CLS1_ReadChar
                0x00001988       0x30 ./Generated_Code/CLS1.o
                0x00001988                CLS1_ReadChar
 .text.CLS1_Init
                0x000019b8        0x8 ./Generated_Code/CLS1.o
                0x000019b8                CLS1_Init
 .text.Cpu_INT_NMIInterrupt
                0x000019c0        0xc ./Generated_Code/Cpu.o
                0x000019c0                Cpu_INT_NMIInterrupt
 .text.Cpu_Interrupt
                0x000019cc        0xc ./Generated_Code/Cpu.o
                0x000019cc                Cpu_Interrupt
 .text.__init_hardware
                0x000019d8      0x110 ./Generated_Code/Cpu.o
                0x000019d8                __init_hardware
 .text.PE_low_level_init
                0x00001ae8      0x128 ./Generated_Code/Cpu.o
                0x00001ae8                PE_low_level_init
 .text.Lenk_DIR_Init
                0x00001c10       0x68 ./Generated_Code/Lenk_DIR.o
                0x00001c10                Lenk_DIR_Init
 .text.Lenk_MS1_Init
                0x00001c78       0x60 ./Generated_Code/Lenk_MS1.o
                0x00001c78                Lenk_MS1_Init
 .text.Lenk_MS2_Init
                0x00001cd8       0x68 ./Generated_Code/Lenk_MS2.o
                0x00001cd8                Lenk_MS2_Init
 .text.Lenk_MS3_Init
                0x00001d40       0x60 ./Generated_Code/Lenk_MS3.o
                0x00001d40                Lenk_MS3_Init
 .text.Lenk_STEP_Init
                0x00001da0       0x68 ./Generated_Code/Lenk_STEP.o
                0x00001da0                Lenk_STEP_Init
 .text.PwmLdd1_Init
                0x00001e08       0x58 ./Generated_Code/PwmLdd1.o
                0x00001e08                PwmLdd1_Init
 .text.PwmLdd1_SetDutyUS
                0x00001e60       0x7c ./Generated_Code/PwmLdd1.o
                0x00001e60                PwmLdd1_SetDutyUS
 .text.SetRatio
                0x00001edc       0x68 ./Generated_Code/PwmLdd1.o
 .text.PwmLdd2_Init
                0x00001f44       0x54 ./Generated_Code/PwmLdd2.o
                0x00001f44                PwmLdd2_Init
 .text.TU1_Init
                0x00001f98       0xcc ./Generated_Code/TU1.o
                0x00001f98                TU1_Init
 .text.TU1_GetPeriodTicks
                0x00002064       0x3c ./Generated_Code/TU1.o
                0x00002064                TU1_GetPeriodTicks
 .text.TU1_SetOffsetTicks
                0x000020a0       0x44 ./Generated_Code/TU1.o
                0x000020a0                TU1_SetOffsetTicks
 .text.TU2_Init
                0x000020e4       0xd8 ./Generated_Code/TU2.o
                0x000020e4                TU2_Init
 .text.pvPortMalloc
                0x000021bc      0x124 ./Generated_Code/heap_2.o
                0x000021bc                pvPortMalloc
 .text.vPortFree
                0x000022e0       0x70 ./Generated_Code/heap_2.o
                0x000022e0                vPortFree
 .text.prvHeapInit
                0x00002350       0x4c ./Generated_Code/heap_2.o
 .text.vListInitialise
                0x0000239c       0x3c ./Generated_Code/list.o
                0x0000239c                vListInitialise
 .text.vListInitialiseItem
                0x000023d8       0x14 ./Generated_Code/list.o
                0x000023d8                vListInitialiseItem
 .text.vListInsertEnd
                0x000023ec       0x44 ./Generated_Code/list.o
                0x000023ec                vListInsertEnd
 .text.vListInsert
                0x00002430       0x6c ./Generated_Code/list.o
                0x00002430                vListInsert
 .text.uxListRemove
                0x0000249c       0x50 ./Generated_Code/list.o
                0x0000249c                uxListRemove
 .text.pxPortInitialiseStack
                0x000024ec       0x50 ./Generated_Code/port.o
                0x000024ec                pxPortInitialiseStack
 .text.vPortInitTickTimer
                0x0000253c       0x3c ./Generated_Code/port.o
                0x0000253c                vPortInitTickTimer
 .text.vPortStartTickTimer
                0x00002578       0x14 ./Generated_Code/port.o
                0x00002578                vPortStartTickTimer
 .text.vPortStopTickTimer
                0x0000258c       0x14 ./Generated_Code/port.o
                0x0000258c                vPortStopTickTimer
 .text.xPortStartScheduler
                0x000025a0       0x34 ./Generated_Code/port.o
                0x000025a0                xPortStartScheduler
 .text.vPortEnterCritical
                0x000025d4       0x20 ./Generated_Code/port.o
                0x000025d4                vPortEnterCritical
 .text.vPortExitCritical
                0x000025f4       0x20 ./Generated_Code/port.o
                0x000025f4                vPortExitCritical
 .text.vPortYieldFromISR
                0x00002614       0x1c ./Generated_Code/port.o
                0x00002614                vPortYieldFromISR
 .text.vPortTickHandler
                0x00002630       0x1c ./Generated_Code/port.o
                0x00002630                vPortTickHandler
 .text.vPortStartFirstTask
                0x0000264c       0x1c ./Generated_Code/port.o
                0x0000264c                vPortStartFirstTask
 .text.vPortSVCHandler
                0x00002668       0x28 ./Generated_Code/port.o
                0x00002668                vPortSVCHandler
 .text.vPortPendSVHandler
                0x00002690       0x44 ./Generated_Code/port.o
                0x00002690                vPortPendSVHandler
 .text.xTaskGenericCreate
                0x000026d4      0x174 ./Generated_Code/tasks.o
                0x000026d4                xTaskGenericCreate
 .text.vTaskDelay
                0x00002848       0x64 ./Generated_Code/tasks.o
                0x00002848                vTaskDelay
 .text.vTaskStartScheduler
                0x000028ac       0x70 ./Generated_Code/tasks.o
                0x000028ac                vTaskStartScheduler
 .text.vTaskSuspendAll
                0x0000291c       0x18 ./Generated_Code/tasks.o
                0x0000291c                vTaskSuspendAll
 .text.xTaskResumeAll
                0x00002934      0x108 ./Generated_Code/tasks.o
                0x00002934                xTaskResumeAll
 .text.xTaskIncrementTick
                0x00002a3c      0x17c ./Generated_Code/tasks.o
                0x00002a3c                xTaskIncrementTick
 .text.vTaskSwitchContext
                0x00002bb8       0xc4 ./Generated_Code/tasks.o
                0x00002bb8                vTaskSwitchContext
 .text.prvIdleTask
                0x00002c7c       0x24 ./Generated_Code/tasks.o
 .text.prvInitialiseTCBVariables
                0x00002ca0       0xa4 ./Generated_Code/tasks.o
 .text.prvInitialiseTaskLists
                0x00002d44       0x88 ./Generated_Code/tasks.o
 .text.prvCheckTasksWaitingTermination
                0x00002dcc       0x74 ./Generated_Code/tasks.o
 .text.prvAddCurrentTaskToDelayedList
                0x00002e40       0x6c ./Generated_Code/tasks.o
 .text.prvAllocateTCBAndStack
                0x00002eac       0x78 ./Generated_Code/tasks.o
 .text.prvDeleteTCB
                0x00002f24       0x20 ./Generated_Code/tasks.o
 .text.prvResetNextTaskUnblockTime
                0x00002f44       0x44 ./Generated_Code/tasks.o
 .text.exit     0x00002f88       0x2c c:/freescale/kds_3.0.0/toolchain/bin/../lib/gcc/arm-none-eabi/4.8.4/../../../../arm-none-eabi/lib/armv6-m\libg_s.a(lib_a-exit.o)
                0x00002f88                exit
 .text.__libc_init_array
                0x00002fb4       0x4c c:/freescale/kds_3.0.0/toolchain/bin/../lib/gcc/arm-none-eabi/4.8.4/../../../../arm-none-eabi/lib/armv6-m\libg_s.a(lib_a-init.o)
                0x00002fb4                __libc_init_array
 .text.memset   0x00003000       0x10 c:/freescale/kds_3.0.0/toolchain/bin/../lib/gcc/arm-none-eabi/4.8.4/../../../../arm-none-eabi/lib/armv6-m\libg_s.a(lib_a-memset.o)
                0x00003000                memset
 .text._exit    0x00003010        0x4 c:/freescale/kds_3.0.0/toolchain/bin/../lib/gcc/arm-none-eabi/4.8.4/../../../../arm-none-eabi/lib/armv6-m\libnosys.a(_exit.o)
                0x00003010                _exit
 *(.rodata)
 .rodata        0x00003014       0x18 ./Sources/main.o
 .rodata        0x0000302c       0x10 ./Generated_Code/tasks.o
 .rodata        0x0000303c       0x40 c:/freescale/kds_3.0.0/toolchain/bin/../lib/gcc/arm-none-eabi/4.8.4/armv6-m\libgcc.a(mulsf3.o)
 *(.rodata*)
 .rodata.str1.1
                0x0000307c        0x2 c:/freescale/kds_3.0.0/toolchain/bin/../lib/gcc/arm-none-eabi/4.8.4/../../../../arm-none-eabi/lib/armv6-m\libg_s.a(lib_a-impure.o)
 *fill*         0x0000307e        0x2 
 .rodata._global_impure_ptr
                0x00003080        0x4 c:/freescale/kds_3.0.0/toolchain/bin/../lib/gcc/arm-none-eabi/4.8.4/../../../../arm-none-eabi/lib/armv6-m\libg_s.a(lib_a-impure.o)
                0x00003080                _global_impure_ptr
 *(.glue_7)
 .glue_7        0x00000000        0x0 linker stubs
 *(.glue_7t)
 .glue_7t       0x00000000        0x0 linker stubs
 *(.eh_frame)
 .eh_frame      0x00003084        0x0 c:/freescale/kds_3.0.0/toolchain/bin/../lib/gcc/arm-none-eabi/4.8.4/armv6-m/crtbegin.o
 *(.init)
 .init          0x00003084        0x4 c:/freescale/kds_3.0.0/toolchain/bin/../lib/gcc/arm-none-eabi/4.8.4/armv6-m/crti.o
                0x00003084                _init
 .init          0x00003088        0x8 c:/freescale/kds_3.0.0/toolchain/bin/../lib/gcc/arm-none-eabi/4.8.4/armv6-m/crtn.o
 *(.fini)
 .fini          0x00003090        0x4 c:/freescale/kds_3.0.0/toolchain/bin/../lib/gcc/arm-none-eabi/4.8.4/armv6-m/crti.o
                0x00003090                _fini
 .fini          0x00003094        0x8 c:/freescale/kds_3.0.0/toolchain/bin/../lib/gcc/arm-none-eabi/4.8.4/armv6-m/crtn.o
                0x0000309c                . = ALIGN (0x4)
                0x0000309c                _etext = .

.vfp11_veneer   0x0000309c        0x0
 .vfp11_veneer  0x00000000        0x0 linker stubs

.v4_bx          0x0000309c        0x0
 .v4_bx         0x00000000        0x0 linker stubs

.iplt           0x0000309c        0x0
 .iplt          0x00000000        0x0 c:/freescale/kds_3.0.0/toolchain/bin/../lib/gcc/arm-none-eabi/4.8.4/armv6-m/crtbegin.o

.ARM.extab
 *(.ARM.extab* .gnu.linkonce.armextab.*)

.ARM            0x0000309c        0x8
                0x0000309c                __exidx_start = .
 *(.ARM.exidx*)
 .ARM.exidx     0x0000309c        0x8 c:/freescale/kds_3.0.0/toolchain/bin/../lib/gcc/arm-none-eabi/4.8.4/../../../../arm-none-eabi/lib/armv6-m/crt0.o
                0x000030a4                __exidx_end = .

.rel.dyn        0x000030a4        0x0
 .rel.iplt      0x00000000        0x0 c:/freescale/kds_3.0.0/toolchain/bin/../lib/gcc/arm-none-eabi/4.8.4/armv6-m/crtbegin.o

.ctors          0x000030a4        0x0
                0x000030a4                __CTOR_LIST__ = .
 *crtbegin.o(.ctors)
 *(EXCLUDE_FILE(*crtend.o) .ctors)
 *(SORT(.ctors.*))
 *(.ctors)
                0x000030a4                __CTOR_END__ = .

.dtors          0x000030a4        0x0
                0x000030a4                __DTOR_LIST__ = .
 *crtbegin.o(.dtors)
 *(EXCLUDE_FILE(*crtend.o) .dtors)
 *(SORT(.dtors.*))
 *(.dtors)
                0x000030a4                __DTOR_END__ = .

.preinit_array  0x000030a4        0x0
                0x000030a4                PROVIDE (__preinit_array_start, .)
 *(.preinit_array*)
                0x000030a4                PROVIDE (__preinit_array_end, .)

.init_array     0x000030a4        0x4
                0x000030a4                PROVIDE (__init_array_start, .)
 *(SORT(.init_array.*))
 *(.init_array*)
 .init_array    0x000030a4        0x4 c:/freescale/kds_3.0.0/toolchain/bin/../lib/gcc/arm-none-eabi/4.8.4/armv6-m/crtbegin.o
                0x000030a8                PROVIDE (__init_array_end, .)

.fini_array     0x000030a8        0x4
                0x000030a8                PROVIDE (__fini_array_start, .)
 *(SORT(.fini_array.*))
 *(.fini_array*)
 .fini_array    0x000030a8        0x4 c:/freescale/kds_3.0.0/toolchain/bin/../lib/gcc/arm-none-eabi/4.8.4/armv6-m/crtbegin.o
                0x000030ac                PROVIDE (__fini_array_end, .)
                0x000030ac                ___ROM_AT = .

.mtb            0x1ffff000        0x0
                0x1ffff000                . = ALIGN (0x8)
                0x1ffff000                _mtb_start = .
 *(.mtb_buf)
                0x1ffff000                . = ALIGN (0x8)
                0x1ffff000                _mtb_end = .

.data           0x1ffff000       0x68 load address 0x000030ac
                0x1ffff000                . = ALIGN (0x4)
                0x1ffff000                _sdata = .
 *(.data)
 *(.data*)
 .data.xFreeBytesRemaining
                0x1ffff000        0x4 ./Generated_Code/heap_2.o
 .data.uxCriticalNesting
                0x1ffff004        0x4 ./Generated_Code/port.o
 .data.impure_data
                0x1ffff008       0x60 c:/freescale/kds_3.0.0/toolchain/bin/../lib/gcc/arm-none-eabi/4.8.4/../../../../arm-none-eabi/lib/armv6-m\libg_s.a(lib_a-impure.o)
                0x1ffff068                . = ALIGN (0x4)
                0x1ffff068                _edata = .
                0x00000068                ___data_size = (_edata - _sdata)

.jcr            0x1ffff068        0x0 load address 0x00003114
 .jcr           0x1ffff068        0x0 c:/freescale/kds_3.0.0/toolchain/bin/../lib/gcc/arm-none-eabi/4.8.4/armv6-m/crtbegin.o

.igot.plt       0x1ffff068        0x0 load address 0x00003114
 .igot.plt      0x00000000        0x0 c:/freescale/kds_3.0.0/toolchain/bin/../lib/gcc/arm-none-eabi/4.8.4/armv6-m/crtbegin.o
                0x1ffff068                . = ALIGN (0x4)

.bss            0x1ffff068     0x3128 load address 0x00003114
                0x1ffff068                __START_BSS = .
                0x1ffff068                PROVIDE (__bss_start__, __START_BSS)
 *(.bss)
 .bss           0x1ffff068       0x1c c:/freescale/kds_3.0.0/toolchain/bin/../lib/gcc/arm-none-eabi/4.8.4/armv6-m/crtbegin.o
 *(.bss*)
 .bss.SerFlag   0x1ffff084        0x2 ./Generated_Code/AS1.o
 .bss.AS1_InpLen
                0x1ffff086        0x2 ./Generated_Code/AS1.o
 .bss.InpIndexR
                0x1ffff088        0x2 ./Generated_Code/AS1.o
 .bss.InpIndexW
                0x1ffff08a        0x2 ./Generated_Code/AS1.o
 .bss.InpBuffer
                0x1ffff08c       0x20 ./Generated_Code/AS1.o
 .bss.BufferRead
                0x1ffff0ac        0x1 ./Generated_Code/AS1.o
 *fill*         0x1ffff0ad        0x1 
 .bss.AS1_OutLen
                0x1ffff0ae        0x2 ./Generated_Code/AS1.o
 .bss.OutIndexR
                0x1ffff0b0        0x2 ./Generated_Code/AS1.o
 .bss.OutIndexW
                0x1ffff0b2        0x2 ./Generated_Code/AS1.o
 .bss.OutBuffer
                0x1ffff0b4       0x20 ./Generated_Code/AS1.o
 .bss.DeviceDataPrv__DEFAULT_RTOS_ALLOC
                0x1ffff0d4       0x20 ./Generated_Code/ASerialLdd1.o
 .bss.INT_UART0__BAREBOARD_RTOS_ISRPARAM
                0x1ffff0f4        0x4 ./Generated_Code/ASerialLdd1.o
 .bss.Servo     0x1ffff0f8        0x4 ./Generated_Code/BLDC.o
 .bss.DeviceDataPrv__DEFAULT_RTOS_ALLOC
                0x1ffff0fc        0x4 ./Generated_Code/BitIoLdd1.o
 .bss.DeviceDataPrv__DEFAULT_RTOS_ALLOC
                0x1ffff100        0x4 ./Generated_Code/BitIoLdd2.o
 .bss.SR_lock   0x1ffff104        0x1 ./Generated_Code/Cpu.o
                0x1ffff104                SR_lock
 *fill*         0x1ffff105        0x3 
 .bss.DeviceDataPrv__DEFAULT_RTOS_ALLOC
                0x1ffff108        0x4 ./Generated_Code/Lenk_DIR.o
 .bss.DeviceDataPrv__DEFAULT_RTOS_ALLOC
                0x1ffff10c        0x4 ./Generated_Code/Lenk_MS1.o
 .bss.DeviceDataPrv__DEFAULT_RTOS_ALLOC
                0x1ffff110        0x4 ./Generated_Code/Lenk_MS2.o
 .bss.DeviceDataPrv__DEFAULT_RTOS_ALLOC
                0x1ffff114        0x4 ./Generated_Code/Lenk_MS3.o
 .bss.DeviceDataPrv__DEFAULT_RTOS_ALLOC
                0x1ffff118        0x4 ./Generated_Code/Lenk_STEP.o
 .bss.PE_LDD_DeviceDataList
                0x1ffff11c       0x30 ./Generated_Code/PE_LDD.o
                0x1ffff11c                PE_LDD_DeviceDataList
 .bss.DeviceDataPrv__DEFAULT_RTOS_ALLOC
                0x1ffff14c        0xc ./Generated_Code/PwmLdd1.o
 .bss.DeviceDataPrv__DEFAULT_RTOS_ALLOC
                0x1ffff158        0xc ./Generated_Code/PwmLdd2.o
 .bss.DeviceDataPrv__DEFAULT_RTOS_ALLOC
                0x1ffff164        0xc ./Generated_Code/TU1.o
 .bss.DeviceDataPrv__DEFAULT_RTOS_ALLOC
                0x1ffff170        0x8 ./Generated_Code/TU2.o
 .bss.ucHeap    0x1ffff178     0x2ee0 ./Generated_Code/heap_2.o
 .bss.xStart    0x20002058        0x8 ./Generated_Code/heap_2.o
 .bss.xEnd      0x20002060        0x8 ./Generated_Code/heap_2.o
 .bss.xHeapHasBeenInitialised.6974
                0x20002068        0x4 ./Generated_Code/heap_2.o
 .bss.pxCurrentTCB
                0x2000206c        0x4 ./Generated_Code/tasks.o
                0x2000206c                pxCurrentTCB
 .bss.pxReadyTasksLists
                0x20002070       0x78 ./Generated_Code/tasks.o
 .bss.xDelayedTaskList1
                0x200020e8       0x14 ./Generated_Code/tasks.o
 .bss.xDelayedTaskList2
                0x200020fc       0x14 ./Generated_Code/tasks.o
 .bss.pxDelayedTaskList
                0x20002110        0x4 ./Generated_Code/tasks.o
 .bss.pxOverflowDelayedTaskList
                0x20002114        0x4 ./Generated_Code/tasks.o
 .bss.xPendingReadyList
                0x20002118       0x14 ./Generated_Code/tasks.o
 .bss.xTasksWaitingTermination
                0x2000212c       0x14 ./Generated_Code/tasks.o
 .bss.uxTasksDeleted
                0x20002140        0x4 ./Generated_Code/tasks.o
 .bss.xSuspendedTaskList
                0x20002144       0x14 ./Generated_Code/tasks.o
 .bss.uxCurrentNumberOfTasks
                0x20002158        0x4 ./Generated_Code/tasks.o
 .bss.xTickCount
                0x2000215c        0x4 ./Generated_Code/tasks.o
 .bss.uxTopReadyPriority
                0x20002160        0x4 ./Generated_Code/tasks.o
 .bss.xSchedulerRunning
                0x20002164        0x4 ./Generated_Code/tasks.o
 .bss.uxPendedTicks
                0x20002168        0x4 ./Generated_Code/tasks.o
 .bss.xYieldPending
                0x2000216c        0x4 ./Generated_Code/tasks.o
 .bss.xNumOfOverflows
                0x20002170        0x4 ./Generated_Code/tasks.o
 .bss.uxTaskNumber
                0x20002174        0x4 ./Generated_Code/tasks.o
 .bss.xNextTaskUnblockTime
                0x20002178        0x4 ./Generated_Code/tasks.o
 .bss.uxSchedulerSuspended
                0x2000217c        0x4 ./Generated_Code/tasks.o
 *(COMMON)
 COMMON         0x20002180        0x8 ./Sources/main.o
                0x20002180                inputGeschwindigkeit
                0x20002184                inputPosLenkung
 COMMON         0x20002188        0x4 ./Generated_Code/AS1.o
                0x20002188                ASerialLdd1_DeviceDataPtr
 COMMON         0x2000218c        0x1 ./Generated_Code/Cpu.o
                0x2000218c                SR_reg
                0x20002190                . = ALIGN (0x4)
 *fill*         0x2000218d        0x3 
                0x20002190                __END_BSS = .
                0x20002190                PROVIDE (__bss_end__, __END_BSS)
                0x00003114                _romp_at = (___ROM_AT + SIZEOF (.data))

.romp           0x20002190       0x18 load address 0x00003114
                0x00003114                __S_romp = _romp_at
                0x20002190        0x4 LONG 0x30ac ___ROM_AT
                0x20002194        0x4 LONG 0x1ffff000 _sdata
                0x20002198        0x4 LONG 0x68 ___data_size
                0x2000219c        0x4 LONG 0x0
                0x200021a0        0x4 LONG 0x0
                0x200021a4        0x4 LONG 0x0

._user_heap_stack
                0x200021a8      0x400 load address 0x0000312c
                0x200021a8                . = ALIGN (0x4)
                0x200021a8                PROVIDE (end, .)
                0x200021a8                PROVIDE (_end, .)
                0x200021a8                __heap_addr = .
                0x200021a8                __HeapBase = .
                0x200021a8                . = (. + __heap_size)
                0x200021a8                __HeapLimit = .
                0x200025a8                . = (. + __stack_size)
 *fill*         0x200021a8      0x400 
                0x200025a8                . = ALIGN (0x4)

.ARM.attributes
                0x00000000       0x28
 *(.ARM.attributes)
 .ARM.attributes
                0x00000000       0x1e c:/freescale/kds_3.0.0/toolchain/bin/../lib/gcc/arm-none-eabi/4.8.4/armv6-m/crti.o
 .ARM.attributes
                0x0000001e       0x2c c:/freescale/kds_3.0.0/toolchain/bin/../lib/gcc/arm-none-eabi/4.8.4/armv6-m/crtbegin.o
 .ARM.attributes
                0x0000004a       0x1b c:/freescale/kds_3.0.0/toolchain/bin/../lib/gcc/arm-none-eabi/4.8.4/../../../../arm-none-eabi/lib/armv6-m/crt0.o
 .ARM.attributes
                0x00000065       0x32 ./Sources/Events.o
 .ARM.attributes
                0x00000097       0x32 ./Sources/RTOS.o
 .ARM.attributes
                0x000000c9       0x32 ./Sources/main.o
 .ARM.attributes
                0x000000fb       0x32 ./Project_Settings/Startup_Code/startup.o
 .ARM.attributes
                0x0000012d       0x32 ./Generated_Code/AS1.o
 .ARM.attributes
                0x0000015f       0x32 ./Generated_Code/ASerialLdd1.o
 .ARM.attributes
                0x00000191       0x32 ./Generated_Code/BLDC.o
 .ARM.attributes
                0x000001c3       0x32 ./Generated_Code/BitIoLdd1.o
 .ARM.attributes
                0x000001f5       0x32 ./Generated_Code/BitIoLdd2.o
 .ARM.attributes
                0x00000227       0x32 ./Generated_Code/CLS1.o
 .ARM.attributes
                0x00000259       0x32 ./Generated_Code/Cpu.o
 .ARM.attributes
                0x0000028b       0x32 ./Generated_Code/Lenk_DIR.o
 .ARM.attributes
                0x000002bd       0x32 ./Generated_Code/Lenk_MS1.o
 .ARM.attributes
                0x000002ef       0x32 ./Generated_Code/Lenk_MS2.o
 .ARM.attributes
                0x00000321       0x32 ./Generated_Code/Lenk_MS3.o
 .ARM.attributes
                0x00000353       0x32 ./Generated_Code/Lenk_STEP.o
 .ARM.attributes
                0x00000385       0x32 ./Generated_Code/PE_LDD.o
 .ARM.attributes
                0x000003b7       0x32 ./Generated_Code/PwmLdd1.o
 .ARM.attributes
                0x000003e9       0x32 ./Generated_Code/PwmLdd2.o
 .ARM.attributes
                0x0000041b       0x32 ./Generated_Code/TU1.o
 .ARM.attributes
                0x0000044d       0x32 ./Generated_Code/TU2.o
 .ARM.attributes
                0x0000047f       0x32 ./Generated_Code/Vectors.o
 .ARM.attributes
                0x000004b1       0x32 ./Generated_Code/heap_2.o
 .ARM.attributes
                0x000004e3       0x32 ./Generated_Code/list.o
 .ARM.attributes
                0x00000515       0x32 ./Generated_Code/port.o
 .ARM.attributes
                0x00000547       0x32 ./Generated_Code/tasks.o
 .ARM.attributes
                0x00000579       0x1e c:/freescale/kds_3.0.0/toolchain/bin/../lib/gcc/arm-none-eabi/4.8.4/armv6-m\libgcc.a(_arm_cmpsf2.o)
 .ARM.attributes
                0x00000597       0x2c c:/freescale/kds_3.0.0/toolchain/bin/../lib/gcc/arm-none-eabi/4.8.4/armv6-m\libgcc.a(_fixunssfsi.o)
 .ARM.attributes
                0x000005c3       0x2c c:/freescale/kds_3.0.0/toolchain/bin/../lib/gcc/arm-none-eabi/4.8.4/armv6-m\libgcc.a(eqsf2.o)
 .ARM.attributes
                0x000005ef       0x2c c:/freescale/kds_3.0.0/toolchain/bin/../lib/gcc/arm-none-eabi/4.8.4/armv6-m\libgcc.a(gesf2.o)
 .ARM.attributes
                0x0000061b       0x2c c:/freescale/kds_3.0.0/toolchain/bin/../lib/gcc/arm-none-eabi/4.8.4/armv6-m\libgcc.a(lesf2.o)
 .ARM.attributes
                0x00000647       0x2c c:/freescale/kds_3.0.0/toolchain/bin/../lib/gcc/arm-none-eabi/4.8.4/armv6-m\libgcc.a(mulsf3.o)
 .ARM.attributes
                0x00000673       0x2c c:/freescale/kds_3.0.0/toolchain/bin/../lib/gcc/arm-none-eabi/4.8.4/armv6-m\libgcc.a(subsf3.o)
 .ARM.attributes
                0x0000069f       0x2c c:/freescale/kds_3.0.0/toolchain/bin/../lib/gcc/arm-none-eabi/4.8.4/armv6-m\libgcc.a(fixsfsi.o)
 .ARM.attributes
                0x000006cb       0x2c c:/freescale/kds_3.0.0/toolchain/bin/../lib/gcc/arm-none-eabi/4.8.4/armv6-m\libgcc.a(floatsisf.o)
 .ARM.attributes
                0x000006f7       0x1e c:/freescale/kds_3.0.0/toolchain/bin/../lib/gcc/arm-none-eabi/4.8.4/armv6-m\libgcc.a(_clzsi2.o)
 .ARM.attributes
                0x00000715       0x2c c:/freescale/kds_3.0.0/toolchain/bin/../lib/gcc/arm-none-eabi/4.8.4/../../../../arm-none-eabi/lib/armv6-m\libg_s.a(lib_a-exit.o)
 .ARM.attributes
                0x00000741       0x2c c:/freescale/kds_3.0.0/toolchain/bin/../lib/gcc/arm-none-eabi/4.8.4/../../../../arm-none-eabi/lib/armv6-m\libg_s.a(lib_a-impure.o)
 .ARM.attributes
                0x0000076d       0x2c c:/freescale/kds_3.0.0/toolchain/bin/../lib/gcc/arm-none-eabi/4.8.4/../../../../arm-none-eabi/lib/armv6-m\libg_s.a(lib_a-init.o)
 .ARM.attributes
                0x00000799       0x2c c:/freescale/kds_3.0.0/toolchain/bin/../lib/gcc/arm-none-eabi/4.8.4/../../../../arm-none-eabi/lib/armv6-m\libg_s.a(lib_a-memset.o)
 .ARM.attributes
                0x000007c5       0x2c c:/freescale/kds_3.0.0/toolchain/bin/../lib/gcc/arm-none-eabi/4.8.4/../../../../arm-none-eabi/lib/armv6-m\libnosys.a(_exit.o)
 .ARM.attributes
                0x000007f1       0x1e c:/freescale/kds_3.0.0/toolchain/bin/../lib/gcc/arm-none-eabi/4.8.4/armv6-m/crtn.o
OUTPUT(OSs.elf elf32-littlearm)

.debug_info     0x00000000     0x7516
 .debug_info    0x00000000      0x10e ./Sources/Events.o
 .debug_info    0x0000010e      0x224 ./Sources/RTOS.o
 .debug_info    0x00000332      0x185 ./Sources/main.o
 .debug_info    0x000004b7      0x20a ./Project_Settings/Startup_Code/startup.o
 .debug_info    0x000006c1      0x4c1 ./Generated_Code/AS1.o
 .debug_info    0x00000b82      0x7ba ./Generated_Code/ASerialLdd1.o
 .debug_info    0x0000133c      0x1bb ./Generated_Code/BLDC.o
 .debug_info    0x000014f7      0x372 ./Generated_Code/BitIoLdd1.o
 .debug_info    0x00001869      0x372 ./Generated_Code/BitIoLdd2.o
 .debug_info    0x00001bdb      0x9b0 ./Generated_Code/CLS1.o
 .debug_info    0x0000258b      0x865 ./Generated_Code/Cpu.o
 .debug_info    0x00002df0      0x3a6 ./Generated_Code/Lenk_DIR.o
 .debug_info    0x00003196      0x380 ./Generated_Code/Lenk_MS1.o
 .debug_info    0x00003516      0x380 ./Generated_Code/Lenk_MS2.o
 .debug_info    0x00003896      0x380 ./Generated_Code/Lenk_MS3.o
 .debug_info    0x00003c16      0x3a6 ./Generated_Code/Lenk_STEP.o
 .debug_info    0x00003fbc      0x251 ./Generated_Code/PE_LDD.o
 .debug_info    0x0000420d      0x345 ./Generated_Code/PwmLdd1.o
 .debug_info    0x00004552      0x2ea ./Generated_Code/PwmLdd2.o
 .debug_info    0x0000483c      0x744 ./Generated_Code/TU1.o
 .debug_info    0x00004f80      0x6aa ./Generated_Code/TU2.o
 .debug_info    0x0000562a      0x10e ./Generated_Code/Vectors.o
 .debug_info    0x00005738      0x2e9 ./Generated_Code/heap_2.o
 .debug_info    0x00005a21      0x2a8 ./Generated_Code/list.o
 .debug_info    0x00005cc9      0x247 ./Generated_Code/port.o
 .debug_info    0x00005f10     0x1606 ./Generated_Code/tasks.o

.debug_abbrev   0x00000000     0x206c
 .debug_abbrev  0x00000000       0x8b ./Sources/Events.o
 .debug_abbrev  0x0000008b      0x107 ./Sources/RTOS.o
 .debug_abbrev  0x00000192      0x109 ./Sources/main.o
 .debug_abbrev  0x0000029b      0x11e ./Project_Settings/Startup_Code/startup.o
 .debug_abbrev  0x000003b9      0x1d6 ./Generated_Code/AS1.o
 .debug_abbrev  0x0000058f      0x1af ./Generated_Code/ASerialLdd1.o
 .debug_abbrev  0x0000073e      0x115 ./Generated_Code/BLDC.o
 .debug_abbrev  0x00000853      0x127 ./Generated_Code/BitIoLdd1.o
 .debug_abbrev  0x0000097a      0x127 ./Generated_Code/BitIoLdd2.o
 .debug_abbrev  0x00000aa1      0x1c2 ./Generated_Code/CLS1.o
 .debug_abbrev  0x00000c63      0x15f ./Generated_Code/Cpu.o
 .debug_abbrev  0x00000dc2      0x15f ./Generated_Code/Lenk_DIR.o
 .debug_abbrev  0x00000f21      0x136 ./Generated_Code/Lenk_MS1.o
 .debug_abbrev  0x00001057      0x136 ./Generated_Code/Lenk_MS2.o
 .debug_abbrev  0x0000118d      0x136 ./Generated_Code/Lenk_MS3.o
 .debug_abbrev  0x000012c3      0x15f ./Generated_Code/Lenk_STEP.o
 .debug_abbrev  0x00001422      0x10d ./Generated_Code/PE_LDD.o
 .debug_abbrev  0x0000152f      0x122 ./Generated_Code/PwmLdd1.o
 .debug_abbrev  0x00001651      0x122 ./Generated_Code/PwmLdd2.o
 .debug_abbrev  0x00001773      0x198 ./Generated_Code/TU1.o
 .debug_abbrev  0x0000190b      0x198 ./Generated_Code/TU2.o
 .debug_abbrev  0x00001aa3       0xa4 ./Generated_Code/Vectors.o
 .debug_abbrev  0x00001b47      0x155 ./Generated_Code/heap_2.o
 .debug_abbrev  0x00001c9c       0xc1 ./Generated_Code/list.o
 .debug_abbrev  0x00001d5d       0xed ./Generated_Code/port.o
 .debug_abbrev  0x00001e4a      0x222 ./Generated_Code/tasks.o

.debug_aranges  0x00000000      0x980
 .debug_aranges
                0x00000000       0x40 ./Sources/Events.o
 .debug_aranges
                0x00000040       0x48 ./Sources/RTOS.o
 .debug_aranges
                0x00000088       0x38 ./Sources/main.o
 .debug_aranges
                0x000000c0       0x50 ./Project_Settings/Startup_Code/startup.o
 .debug_aranges
                0x00000110       0x88 ./Generated_Code/AS1.o
 .debug_aranges
                0x00000198       0x50 ./Generated_Code/ASerialLdd1.o
 .debug_aranges
                0x000001e8       0x38 ./Generated_Code/BLDC.o
 .debug_aranges
                0x00000220       0x40 ./Generated_Code/BitIoLdd1.o
 .debug_aranges
                0x00000260       0x40 ./Generated_Code/BitIoLdd2.o
 .debug_aranges
                0x000002a0      0x108 ./Generated_Code/CLS1.o
 .debug_aranges
                0x000003a8       0x38 ./Generated_Code/Cpu.o
 .debug_aranges
                0x000003e0       0x48 ./Generated_Code/Lenk_DIR.o
 .debug_aranges
                0x00000428       0x40 ./Generated_Code/Lenk_MS1.o
 .debug_aranges
                0x00000468       0x40 ./Generated_Code/Lenk_MS2.o
 .debug_aranges
                0x000004a8       0x40 ./Generated_Code/Lenk_MS3.o
 .debug_aranges
                0x000004e8       0x48 ./Generated_Code/Lenk_STEP.o
 .debug_aranges
                0x00000530       0x30 ./Generated_Code/PE_LDD.o
 .debug_aranges
                0x00000560       0x50 ./Generated_Code/PwmLdd1.o
 .debug_aranges
                0x000005b0       0x40 ./Generated_Code/PwmLdd2.o
 .debug_aranges
                0x000005f0       0x60 ./Generated_Code/TU1.o
 .debug_aranges
                0x00000650       0x48 ./Generated_Code/TU2.o
 .debug_aranges
                0x00000698       0x18 ./Generated_Code/Vectors.o
 .debug_aranges
                0x000006b0       0x40 ./Generated_Code/heap_2.o
 .debug_aranges
                0x000006f0       0x40 ./Generated_Code/list.o
 .debug_aranges
                0x00000730       0x90 ./Generated_Code/port.o
 .debug_aranges
                0x000007c0      0x1c0 ./Generated_Code/tasks.o

.debug_ranges   0x00000000      0x7d8
 .debug_ranges  0x00000000       0x30 ./Sources/Events.o
 .debug_ranges  0x00000030       0x38 ./Sources/RTOS.o
 .debug_ranges  0x00000068       0x28 ./Sources/main.o
 .debug_ranges  0x00000090       0x40 ./Project_Settings/Startup_Code/startup.o
 .debug_ranges  0x000000d0       0x78 ./Generated_Code/AS1.o
 .debug_ranges  0x00000148       0x40 ./Generated_Code/ASerialLdd1.o
 .debug_ranges  0x00000188       0x28 ./Generated_Code/BLDC.o
 .debug_ranges  0x000001b0       0x30 ./Generated_Code/BitIoLdd1.o
 .debug_ranges  0x000001e0       0x30 ./Generated_Code/BitIoLdd2.o
 .debug_ranges  0x00000210       0xf8 ./Generated_Code/CLS1.o
 .debug_ranges  0x00000308       0x28 ./Generated_Code/Cpu.o
 .debug_ranges  0x00000330       0x38 ./Generated_Code/Lenk_DIR.o
 .debug_ranges  0x00000368       0x30 ./Generated_Code/Lenk_MS1.o
 .debug_ranges  0x00000398       0x30 ./Generated_Code/Lenk_MS2.o
 .debug_ranges  0x000003c8       0x30 ./Generated_Code/Lenk_MS3.o
 .debug_ranges  0x000003f8       0x38 ./Generated_Code/Lenk_STEP.o
 .debug_ranges  0x00000430       0x20 ./Generated_Code/PE_LDD.o
 .debug_ranges  0x00000450       0x40 ./Generated_Code/PwmLdd1.o
 .debug_ranges  0x00000490       0x30 ./Generated_Code/PwmLdd2.o
 .debug_ranges  0x000004c0       0x50 ./Generated_Code/TU1.o
 .debug_ranges  0x00000510       0x38 ./Generated_Code/TU2.o
 .debug_ranges  0x00000548       0x30 ./Generated_Code/heap_2.o
 .debug_ranges  0x00000578       0x30 ./Generated_Code/list.o
 .debug_ranges  0x000005a8       0x80 ./Generated_Code/port.o
 .debug_ranges  0x00000628      0x1b0 ./Generated_Code/tasks.o

.debug_macro    0x00000000     0xd977
 .debug_macro   0x00000000      0x394 ./Sources/Events.o
 .debug_macro   0x00000394       0x94 ./Sources/Events.o
 .debug_macro   0x00000428      0x12c ./Sources/Events.o
 .debug_macro   0x00000554       0x40 ./Sources/Events.o
 .debug_macro   0x00000594       0x1f ./Sources/Events.o
 .debug_macro   0x000005b3       0x46 ./Sources/Events.o
 .debug_macro   0x000005f9       0x4c ./Sources/Events.o
 .debug_macro   0x00000645       0x4c ./Sources/Events.o
 .debug_macro   0x00000691       0x46 ./Sources/Events.o
 .debug_macro   0x000006d7       0x46 ./Sources/Events.o
 .debug_macro   0x0000071d       0x46 ./Sources/Events.o
 .debug_macro   0x00000763      0x1dc ./Sources/Events.o
 .debug_macro   0x0000093f       0x74 ./Sources/Events.o
 .debug_macro   0x000009b3       0x37 ./Sources/Events.o
 .debug_macro   0x000009ea       0x25 ./Sources/Events.o
 .debug_macro   0x00000a0f       0x58 ./Sources/Events.o
 .debug_macro   0x00000a67       0x35 ./Sources/Events.o
 .debug_macro   0x00000a9c       0xa3 ./Sources/Events.o
 .debug_macro   0x00000b3f       0x52 ./Sources/Events.o
 .debug_macro   0x00000b91       0x16 ./Sources/Events.o
 .debug_macro   0x00000ba7       0x43 ./Sources/Events.o
 .debug_macro   0x00000bea      0x180 ./Sources/Events.o
 .debug_macro   0x00000d6a      0x2a6 ./Sources/Events.o
 .debug_macro   0x00001010       0x10 ./Sources/Events.o
 .debug_macro   0x00001020       0x35 ./Sources/Events.o
 .debug_macro   0x00001055       0x19 ./Sources/Events.o
 .debug_macro   0x0000106e       0xb0 ./Sources/Events.o
 .debug_macro   0x0000111e       0x7f ./Sources/Events.o
 .debug_macro   0x0000119d       0x97 ./Sources/Events.o
 .debug_macro   0x00001234      0x2c0 ./Sources/Events.o
 .debug_macro   0x000014f4       0x8f ./Sources/Events.o
 .debug_macro   0x00001583       0x47 ./Sources/Events.o
 .debug_macro   0x000015ca       0x65 ./Sources/Events.o
 .debug_macro   0x0000162f       0x20 ./Sources/Events.o
 .debug_macro   0x0000164f       0x2e ./Sources/Events.o
 .debug_macro   0x0000167d       0x98 ./Sources/Events.o
 .debug_macro   0x00001715      0x3a1 ./Sources/RTOS.o
 .debug_macro   0x00001ab6       0x10 ./Sources/RTOS.o
 .debug_macro   0x00001ac6      0x3d3 ./Sources/main.o
 .debug_macro   0x00001e99      0x121 ./Project_Settings/Startup_Code/startup.o
 .debug_macro   0x00001fba       0x4a ./Project_Settings/Startup_Code/startup.o
 .debug_macro   0x00002004       0x16 ./Project_Settings/Startup_Code/startup.o
 .debug_macro   0x0000201a       0x22 ./Project_Settings/Startup_Code/startup.o
 .debug_macro   0x0000203c       0x10 ./Project_Settings/Startup_Code/startup.o
 .debug_macro   0x0000204c      0x20f ./Project_Settings/Startup_Code/startup.o
 .debug_macro   0x0000225b     0x6685 ./Project_Settings/Startup_Code/startup.o
 .debug_macro   0x000088e0      0x111 ./Generated_Code/AS1.o
 .debug_macro   0x000089f1       0x5f ./Generated_Code/AS1.o
 .debug_macro   0x00008a50      0x133 ./Generated_Code/ASerialLdd1.o
 .debug_macro   0x00008b83     0x15b6 ./Generated_Code/ASerialLdd1.o
 .debug_macro   0x0000a139       0x26 ./Generated_Code/ASerialLdd1.o
 .debug_macro   0x0000a15f      0x2fd ./Generated_Code/ASerialLdd1.o
 .debug_macro   0x0000a45c      0x99c ./Generated_Code/ASerialLdd1.o
 .debug_macro   0x0000adf8      0x10a ./Generated_Code/BLDC.o
 .debug_macro   0x0000af02      0x114 ./Generated_Code/BitIoLdd1.o
 .debug_macro   0x0000b016      0x114 ./Generated_Code/BitIoLdd2.o
 .debug_macro   0x0000b12a      0x20b ./Generated_Code/CLS1.o
 .debug_macro   0x0000b335       0x8e ./Generated_Code/CLS1.o
 .debug_macro   0x0000b3c3      0x3d2 ./Generated_Code/Cpu.o
 .debug_macro   0x0000b795       0x4c ./Generated_Code/Cpu.o
 .debug_macro   0x0000b7e1       0x7a ./Generated_Code/Cpu.o
 .debug_macro   0x0000b85b      0x114 ./Generated_Code/Lenk_DIR.o
 .debug_macro   0x0000b96f       0x46 ./Generated_Code/Lenk_DIR.o
 .debug_macro   0x0000b9b5      0x114 ./Generated_Code/Lenk_MS1.o
 .debug_macro   0x0000bac9       0x40 ./Generated_Code/Lenk_MS1.o
 .debug_macro   0x0000bb09      0x114 ./Generated_Code/Lenk_MS2.o
 .debug_macro   0x0000bc1d       0x40 ./Generated_Code/Lenk_MS2.o
 .debug_macro   0x0000bc5d      0x114 ./Generated_Code/Lenk_MS3.o
 .debug_macro   0x0000bd71       0x40 ./Generated_Code/Lenk_MS3.o
 .debug_macro   0x0000bdb1      0x114 ./Generated_Code/Lenk_STEP.o
 .debug_macro   0x0000bec5      0x347 ./Generated_Code/PE_LDD.o
 .debug_macro   0x0000c20c      0x129 ./Generated_Code/PwmLdd1.o
 .debug_macro   0x0000c335      0x129 ./Generated_Code/PwmLdd2.o
 .debug_macro   0x0000c45e      0x122 ./Generated_Code/TU1.o
 .debug_macro   0x0000c580      0x122 ./Generated_Code/TU2.o
 .debug_macro   0x0000c6a2      0x3c5 ./Generated_Code/Vectors.o
 .debug_macro   0x0000ca67      0x3d4 ./Generated_Code/heap_2.o
 .debug_macro   0x0000ce3b      0x155 ./Generated_Code/list.o
 .debug_macro   0x0000cf90      0x1ef ./Generated_Code/port.o
 .debug_macro   0x0000d17f       0xc8 ./Generated_Code/port.o
 .debug_macro   0x0000d247       0x22 ./Generated_Code/port.o
 .debug_macro   0x0000d269      0x483 ./Generated_Code/tasks.o
 .debug_macro   0x0000d6ec       0x10 ./Generated_Code/tasks.o
 .debug_macro   0x0000d6fc       0x1c ./Generated_Code/tasks.o
 .debug_macro   0x0000d718       0x10 ./Generated_Code/tasks.o
 .debug_macro   0x0000d728       0x10 ./Generated_Code/tasks.o
 .debug_macro   0x0000d738       0x22 ./Generated_Code/tasks.o
 .debug_macro   0x0000d75a       0xbd ./Generated_Code/tasks.o
 .debug_macro   0x0000d817       0x16 ./Generated_Code/tasks.o
 .debug_macro   0x0000d82d      0x14a ./Generated_Code/tasks.o

.debug_line     0x00000000     0x80a4
 .debug_line    0x00000000      0x60b ./Sources/Events.o
 .debug_line    0x0000060b      0x630 ./Sources/RTOS.o
 .debug_line    0x00000c3b      0x634 ./Sources/main.o
 .debug_line    0x0000126f      0x3f7 ./Project_Settings/Startup_Code/startup.o
 .debug_line    0x00001666      0x419 ./Generated_Code/AS1.o
 .debug_line    0x00001a7f      0x3f7 ./Generated_Code/ASerialLdd1.o
 .debug_line    0x00001e76      0x2bf ./Generated_Code/BLDC.o
 .debug_line    0x00002135      0x356 ./Generated_Code/BitIoLdd1.o
 .debug_line    0x0000248b      0x357 ./Generated_Code/BitIoLdd2.o
 .debug_line    0x000027e2      0x6b3 ./Generated_Code/CLS1.o
 .debug_line    0x00002e95      0x7a1 ./Generated_Code/Cpu.o
 .debug_line    0x00003636      0x368 ./Generated_Code/Lenk_DIR.o
 .debug_line    0x0000399e      0x357 ./Generated_Code/Lenk_MS1.o
 .debug_line    0x00003cf5      0x356 ./Generated_Code/Lenk_MS2.o
 .debug_line    0x0000404b      0x357 ./Generated_Code/Lenk_MS3.o
 .debug_line    0x000043a2      0x36a ./Generated_Code/Lenk_STEP.o
 .debug_line    0x0000470c      0x593 ./Generated_Code/PE_LDD.o
 .debug_line    0x00004c9f      0x3a2 ./Generated_Code/PwmLdd1.o
 .debug_line    0x00005041      0x375 ./Generated_Code/PwmLdd2.o
 .debug_line    0x000053b6      0x3da ./Generated_Code/TU1.o
 .debug_line    0x00005790      0x3a3 ./Generated_Code/TU2.o
 .debug_line    0x00005b33      0x726 ./Generated_Code/Vectors.o
 .debug_line    0x00006259      0x6af ./Generated_Code/heap_2.o
 .debug_line    0x00006908      0x30c ./Generated_Code/list.o
 .debug_line    0x00006c14      0x3f6 ./Generated_Code/port.o
 .debug_line    0x0000700a     0x109a ./Generated_Code/tasks.o

.debug_str      0x00000000    0x49699
 .debug_str     0x00000000    0x3a327 ./Sources/Events.o
                              0x3a7b6 (size before relaxing)
 .debug_str     0x0003a327       0xe3 ./Sources/RTOS.o
                              0x3a81a (size before relaxing)
 .debug_str     0x0003a40a      0x153 ./Sources/main.o
                              0x3a85d (size before relaxing)
 .debug_str     0x0003a55d      0x1ed ./Project_Settings/Startup_Code/startup.o
                              0x2731d (size before relaxing)
 .debug_str     0x0003a74a      0x30d ./Generated_Code/AS1.o
                              0x2c14f (size before relaxing)
 .debug_str     0x0003aa57     0xac1c ./Generated_Code/ASerialLdd1.o
                              0x3af74 (size before relaxing)
 .debug_str     0x00045673      0x202 ./Generated_Code/BLDC.o
                              0x2e237 (size before relaxing)
 .debug_str     0x00045875       0xe9 ./Generated_Code/BitIoLdd1.o
                              0x30bf1 (size before relaxing)
 .debug_str     0x0004595e       0xa0 ./Generated_Code/BitIoLdd2.o
                              0x30beb (size before relaxing)
 .debug_str     0x000459fe      0x7dd ./Generated_Code/CLS1.o
                              0x330a4 (size before relaxing)
 .debug_str     0x000461db      0x19c ./Generated_Code/Cpu.o
                              0x3aa1f (size before relaxing)
 .debug_str     0x00046377       0xa8 ./Generated_Code/Lenk_DIR.o
                              0x30c0d (size before relaxing)
 .debug_str     0x0004641f       0x98 ./Generated_Code/Lenk_MS1.o
                              0x30bd7 (size before relaxing)
 .debug_str     0x000464b7       0x98 ./Generated_Code/Lenk_MS2.o
                              0x30bd9 (size before relaxing)
 .debug_str     0x0004654f       0x98 ./Generated_Code/Lenk_MS3.o
                              0x30bd7 (size before relaxing)
 .debug_str     0x000465e7       0xb1 ./Generated_Code/Lenk_STEP.o
                              0x30c23 (size before relaxing)
 .debug_str     0x00046698      0x177 ./Generated_Code/PE_LDD.o
                              0x3a8ad (size before relaxing)
 .debug_str     0x0004680f       0xe9 ./Generated_Code/PwmLdd1.o
                              0x31f4f (size before relaxing)
 .debug_str     0x000468f8       0x73 ./Generated_Code/PwmLdd2.o
                              0x31ea7 (size before relaxing)
 .debug_str     0x0004696b      0x1f1 ./Generated_Code/TU1.o
                              0x31fde (size before relaxing)
 .debug_str     0x00046b5c       0xec ./Generated_Code/TU2.o
                              0x31f55 (size before relaxing)
 .debug_str     0x00046c48       0x1c ./Generated_Code/Vectors.o
                              0x3a74b (size before relaxing)
 .debug_str     0x00046c64      0x39e ./Generated_Code/heap_2.o
                              0x3ab57 (size before relaxing)
 .debug_str     0x00047002      0x124 ./Generated_Code/list.o
                               0xe8c3 (size before relaxing)
 .debug_str     0x00047126      0x9f4 ./Generated_Code/port.o
                              0x30578 (size before relaxing)
 .debug_str     0x00047b1a     0x1b7f ./Generated_Code/tasks.o
                              0x3c50e (size before relaxing)

.comment        0x00000000       0x70
 .comment       0x00000000       0x70 ./Sources/Events.o
                                 0x71 (size before relaxing)
 .comment       0x00000000       0x71 ./Sources/RTOS.o
 .comment       0x00000000       0x71 ./Sources/main.o
 .comment       0x00000000       0x71 ./Project_Settings/Startup_Code/startup.o
 .comment       0x00000000       0x71 ./Generated_Code/AS1.o
 .comment       0x00000000       0x71 ./Generated_Code/ASerialLdd1.o
 .comment       0x00000000       0x71 ./Generated_Code/BLDC.o
 .comment       0x00000000       0x71 ./Generated_Code/BitIoLdd1.o
 .comment       0x00000000       0x71 ./Generated_Code/BitIoLdd2.o
 .comment       0x00000000       0x71 ./Generated_Code/CLS1.o
 .comment       0x00000000       0x71 ./Generated_Code/Cpu.o
 .comment       0x00000000       0x71 ./Generated_Code/Lenk_DIR.o
 .comment       0x00000000       0x71 ./Generated_Code/Lenk_MS1.o
 .comment       0x00000000       0x71 ./Generated_Code/Lenk_MS2.o
 .comment       0x00000000       0x71 ./Generated_Code/Lenk_MS3.o
 .comment       0x00000000       0x71 ./Generated_Code/Lenk_STEP.o
 .comment       0x00000000       0x71 ./Generated_Code/PE_LDD.o
 .comment       0x00000000       0x71 ./Generated_Code/PwmLdd1.o
 .comment       0x00000000       0x71 ./Generated_Code/PwmLdd2.o
 .comment       0x00000000       0x71 ./Generated_Code/TU1.o
 .comment       0x00000000       0x71 ./Generated_Code/TU2.o
 .comment       0x00000000       0x71 ./Generated_Code/Vectors.o
 .comment       0x00000000       0x71 ./Generated_Code/heap_2.o
 .comment       0x00000000       0x71 ./Generated_Code/list.o
 .comment       0x00000000       0x71 ./Generated_Code/port.o
 .comment       0x00000000       0x71 ./Generated_Code/tasks.o

.debug_frame    0x00000000     0x1ef8
 .debug_frame   0x00000000       0xa0 ./Sources/Events.o
 .debug_frame   0x000000a0       0xc8 ./Sources/RTOS.o
 .debug_frame   0x00000168       0x88 ./Sources/main.o
 .debug_frame   0x000001f0       0xd0 ./Project_Settings/Startup_Code/startup.o
 .debug_frame   0x000002c0      0x1c4 ./Generated_Code/AS1.o
 .debug_frame   0x00000484       0xf8 ./Generated_Code/ASerialLdd1.o
 .debug_frame   0x0000057c       0x8c ./Generated_Code/BLDC.o
 .debug_frame   0x00000608       0xb0 ./Generated_Code/BitIoLdd1.o
 .debug_frame   0x000006b8       0xb0 ./Generated_Code/BitIoLdd2.o
 .debug_frame   0x00000768      0x3b8 ./Generated_Code/CLS1.o
 .debug_frame   0x00000b20       0x80 ./Generated_Code/Cpu.o
 .debug_frame   0x00000ba0       0xd0 ./Generated_Code/Lenk_DIR.o
 .debug_frame   0x00000c70       0xb0 ./Generated_Code/Lenk_MS1.o
 .debug_frame   0x00000d20       0xb0 ./Generated_Code/Lenk_MS2.o
 .debug_frame   0x00000dd0       0xb0 ./Generated_Code/Lenk_MS3.o
 .debug_frame   0x00000e80       0xd0 ./Generated_Code/Lenk_STEP.o
 .debug_frame   0x00000f50       0x6c ./Generated_Code/PE_LDD.o
 .debug_frame   0x00000fbc       0xf0 ./Generated_Code/PwmLdd1.o
 .debug_frame   0x000010ac       0xb0 ./Generated_Code/PwmLdd2.o
 .debug_frame   0x0000115c      0x130 ./Generated_Code/TU1.o
 .debug_frame   0x0000128c       0xd0 ./Generated_Code/TU2.o
 .debug_frame   0x0000135c       0xa8 ./Generated_Code/heap_2.o
 .debug_frame   0x00001404       0xb0 ./Generated_Code/list.o
 .debug_frame   0x000014b4      0x1a4 ./Generated_Code/port.o
 .debug_frame   0x00001658      0x6a0 ./Generated_Code/tasks.o
 .debug_frame   0x00001cf8       0x28 c:/freescale/kds_3.0.0/toolchain/bin/../lib/gcc/arm-none-eabi/4.8.4/armv6-m\libgcc.a(_fixunssfsi.o)
 .debug_frame   0x00001d20       0x2c c:/freescale/kds_3.0.0/toolchain/bin/../lib/gcc/arm-none-eabi/4.8.4/armv6-m\libgcc.a(eqsf2.o)
 .debug_frame   0x00001d4c       0x30 c:/freescale/kds_3.0.0/toolchain/bin/../lib/gcc/arm-none-eabi/4.8.4/armv6-m\libgcc.a(gesf2.o)
 .debug_frame   0x00001d7c       0x30 c:/freescale/kds_3.0.0/toolchain/bin/../lib/gcc/arm-none-eabi/4.8.4/armv6-m\libgcc.a(lesf2.o)
 .debug_frame   0x00001dac       0x3c c:/freescale/kds_3.0.0/toolchain/bin/../lib/gcc/arm-none-eabi/4.8.4/armv6-m\libgcc.a(mulsf3.o)
 .debug_frame   0x00001de8       0x30 c:/freescale/kds_3.0.0/toolchain/bin/../lib/gcc/arm-none-eabi/4.8.4/armv6-m\libgcc.a(subsf3.o)
 .debug_frame   0x00001e18       0x20 c:/freescale/kds_3.0.0/toolchain/bin/../lib/gcc/arm-none-eabi/4.8.4/armv6-m\libgcc.a(fixsfsi.o)
 .debug_frame   0x00001e38       0x2c c:/freescale/kds_3.0.0/toolchain/bin/../lib/gcc/arm-none-eabi/4.8.4/armv6-m\libgcc.a(floatsisf.o)
 .debug_frame   0x00001e64       0x28 c:/freescale/kds_3.0.0/toolchain/bin/../lib/gcc/arm-none-eabi/4.8.4/../../../../arm-none-eabi/lib/armv6-m\libg_s.a(lib_a-exit.o)
 .debug_frame   0x00001e8c       0x2c c:/freescale/kds_3.0.0/toolchain/bin/../lib/gcc/arm-none-eabi/4.8.4/../../../../arm-none-eabi/lib/armv6-m\libg_s.a(lib_a-init.o)
 .debug_frame   0x00001eb8       0x20 c:/freescale/kds_3.0.0/toolchain/bin/../lib/gcc/arm-none-eabi/4.8.4/../../../../arm-none-eabi/lib/armv6-m\libg_s.a(lib_a-memset.o)
 .debug_frame   0x00001ed8       0x20 c:/freescale/kds_3.0.0/toolchain/bin/../lib/gcc/arm-none-eabi/4.8.4/../../../../arm-none-eabi/lib/armv6-m\libnosys.a(_exit.o)
